2026-03-11T14:37:33 - BettingLogger - INFO - Betting program started
2026-03-11T14:37:33 - BettingLogger - CRITICAL - Finance program exited unexpectedly or was terminated.
2026-03-11T14:37:33 - BettingLogger - ERROR - Backup failed: [Errno 2] No such file or directory: '../instance/finance.db'
2026-03-11T14:43:45 - BettingLogger - INFO - Betting program started
2026-03-11T14:43:45 - BettingLogger - CRITICAL - Betting program exited unexpectedly or was terminated.
2026-03-11T14:43:45 - BettingLogger - ERROR - Backup failed: [Errno 2] No such file or directory: '../instance/betting.db'
2026-03-11T14:44:09 - BettingLogger - INFO - Betting program started
2026-03-11T14:44:09 - BettingLogger - INFO - Starting Betting application
2026-03-11T14:45:17 - BettingLogger - INFO - Request: GET /
2026-03-11T14:45:17 - BettingLogger - INFO - Home page requested
2026-03-11T14:45:18 - BettingLogger - INFO - GET / returned 200 OK
2026-03-11T14:45:18 - BettingLogger - INFO - Request: GET /static/css/style.css
2026-03-11T14:45:18 - BettingLogger - INFO - Request: GET /static/js/main.js
2026-03-11T14:45:18 - BettingLogger - INFO - GET /static/js/main.js returned 200 OK
2026-03-11T14:45:18 - BettingLogger - INFO - GET /static/css/style.css returned 200 OK
2026-03-11T14:45:18 - BettingLogger - INFO - Request: GET /static/images/logo.png
2026-03-11T14:45:18 - BettingLogger - ERROR - HTTP 500 error: 404 Not Found: The requested URL was not found on the server. If you entered the URL manually please check your spelling and try again.
2026-03-11T14:45:18 - BettingLogger - ERROR - HTTP 500 error: 500 Internal Server Error: The server encountered an internal error and was unable to complete your request. Either the server is overloaded or there is an error in the application.
2026-03-11T14:45:49 - BettingLogger - INFO - Request: GET /register
2026-03-11T14:45:49 - BettingLogger - INFO - Registration attempt initiated
2026-03-11T14:45:49 - BettingLogger - INFO - GET /register returned 200 OK
2026-03-11T14:45:49 - BettingLogger - INFO - Request: GET /static/css/style.css
2026-03-11T14:45:49 - BettingLogger - INFO - Request: GET /static/js/main.js
2026-03-11T14:45:49 - BettingLogger - INFO - GET /static/css/style.css returned 304 NOT MODIFIED
2026-03-11T14:45:49 - BettingLogger - INFO - GET /static/js/main.js returned 304 NOT MODIFIED
2026-03-11T14:45:49 - BettingLogger - INFO - Request: GET /static/images/logo.png
2026-03-11T14:45:49 - BettingLogger - ERROR - HTTP 500 error: 404 Not Found: The requested URL was not found on the server. If you entered the URL manually please check your spelling and try again.
2026-03-11T14:45:49 - BettingLogger - ERROR - HTTP 500 error: 500 Internal Server Error: The server encountered an internal error and was unable to complete your request. Either the server is overloaded or there is an error in the application.
2026-03-11T14:46:13 - BettingLogger - INFO - Request: POST /register
2026-03-11T14:46:13 - BettingLogger - INFO - Registration attempt initiated
2026-03-11T14:46:13 - BettingLogger - INFO - New user registered: new
2026-03-11T14:46:13 - BettingLogger - INFO - POST /register returned 302 FOUND
2026-03-11T14:46:13 - BettingLogger - INFO - Request: GET /login
2026-03-11T14:46:13 - BettingLogger - INFO - GET /login returned 200 OK
2026-03-11T14:46:13 - BettingLogger - INFO - Request: GET /static/css/style.css
2026-03-11T14:46:13 - BettingLogger - INFO - Request: GET /static/js/main.js
2026-03-11T14:46:13 - BettingLogger - INFO - GET /static/css/style.css returned 304 NOT MODIFIED
2026-03-11T14:46:13 - BettingLogger - INFO - GET /static/js/main.js returned 304 NOT MODIFIED
2026-03-11T14:46:13 - BettingLogger - INFO - Request: GET /static/images/logo.png
2026-03-11T14:46:13 - BettingLogger - ERROR - HTTP 500 error: 404 Not Found: The requested URL was not found on the server. If you entered the URL manually please check your spelling and try again.
2026-03-11T14:46:13 - BettingLogger - ERROR - HTTP 500 error: 500 Internal Server Error: The server encountered an internal error and was unable to complete your request. Either the server is overloaded or there is an error in the application.
2026-03-11T14:46:22 - BettingLogger - INFO - Request: POST /login
2026-03-11T14:46:22 - BettingLogger - INFO - Login attempt
2026-03-11T14:46:22 - BettingLogger - INFO - Authentication success for user: new
2026-03-11T14:46:22 - BettingLogger - CRITICAL - Unexpected critical error: Could not build url for endpoint 'main.dashboard'. Did you mean 'main.home' instead?
Traceback (most recent call last):
  File "/Library/Frameworks/Python.framework/Versions/3.13/lib/python3.13/site-packages/flask/app.py", line 917, in full_dispatch_request
    rv = self.dispatch_request()
  File "/Library/Frameworks/Python.framework/Versions/3.13/lib/python3.13/site-packages/flask/app.py", line 902, in dispatch_request
    return self.ensure_sync(self.view_functions[rule.endpoint])(**view_args)  # type: ignore[no-any-return]
           ~~~~~~~~~~~~~~~~~~~~~~~~~~~~~~~~~~~~~~~~~~~~~~~~~~~~^^^^^^^^^^^^^
  File "/Users/robertvinzant/Desktop/Sports-Betting-Model-1/app/src/routes.py", line 94, in login
    return redirect(url_for('main.dashboard'))
                    ~~~~~~~^^^^^^^^^^^^^^^^^^
  File "/Library/Frameworks/Python.framework/Versions/3.13/lib/python3.13/site-packages/flask/helpers.py", line 239, in url_for
    return current_app.url_for(
           ~~~~~~~~~~~~~~~~~~~^
        endpoint,
        ^^^^^^^^^
    ...<4 lines>...
        **values,
        ^^^^^^^^^
    )
    ^
  File "/Library/Frameworks/Python.framework/Versions/3.13/lib/python3.13/site-packages/flask/app.py", line 1121, in url_for
    return self.handle_url_build_error(error, endpoint, values)
           ~~~~~~~~~~~~~~~~~~~~~~~~~~~^^^^^^^^^^^^^^^^^^^^^^^^^
  File "/Library/Frameworks/Python.framework/Versions/3.13/lib/python3.13/site-packages/flask/app.py", line 1110, in url_for
    rv = url_adapter.build(  # type: ignore[union-attr]
        endpoint,
    ...<3 lines>...
        force_external=_external,
    )
  File "/Library/Frameworks/Python.framework/Versions/3.13/lib/python3.13/site-packages/werkzeug/routing/map.py", line 901, in build
    raise BuildError(endpoint, values, method, self)
werkzeug.routing.exceptions.BuildError: Could not build url for endpoint 'main.dashboard'. Did you mean 'main.home' instead?
2026-03-11T14:46:22 - BettingLogger - ERROR - HTTP 500 error: 500 Internal Server Error: The server encountered an internal error and was unable to complete your request. Either the server is overloaded or there is an error in the application.
2026-03-11T14:46:22 - BettingLogger - INFO - Request: GET /favicon.ico
2026-03-11T14:46:22 - BettingLogger - ERROR - HTTP 500 error: 404 Not Found: The requested URL was not found on the server. If you entered the URL manually please check your spelling and try again.
2026-03-11T14:46:22 - BettingLogger - ERROR - HTTP 500 error: 500 Internal Server Error: The server encountered an internal error and was unable to complete your request. Either the server is overloaded or there is an error in the application.
2026-03-11T14:52:07 - BettingLogger - INFO - Betting application stopped
2026-03-11T14:52:07 - BettingLogger - CRITICAL - Betting program exited unexpectedly or was terminated.
2026-03-11T14:52:07 - BettingLogger - ERROR - Backup failed: [Errno 2] No such file or directory: '../instance/betting.db'
2026-03-25T11:40:53 - BettingLogger - INFO - Betting program started
2026-03-25T11:40:53 - BettingLogger - INFO - Starting Betting application
2026-03-25T11:41:59 - BettingLogger - INFO - Request: GET /
2026-03-25T11:41:59 - BettingLogger - INFO - Home page requested
2026-03-25T11:41:59 - BettingLogger - INFO - GET / returned 200 OK
2026-03-25T11:41:59 - BettingLogger - INFO - Request: GET /static/css/style.css
2026-03-25T11:41:59 - BettingLogger - INFO - Request: GET /static/js/main.js
2026-03-25T11:41:59 - BettingLogger - INFO - GET /static/css/style.css returned 200 OK
2026-03-25T11:41:59 - BettingLogger - INFO - GET /static/js/main.js returned 200 OK
2026-03-25T11:41:59 - BettingLogger - INFO - Request: GET /static/images/logo.png
2026-03-25T11:41:59 - BettingLogger - ERROR - HTTP 500 error: 404 Not Found: The requested URL was not found on the server. If you entered the URL manually please check your spelling and try again.
2026-03-25T11:41:59 - BettingLogger - INFO - GET /static/images/logo.png returned 404 NOT FOUND
2026-03-25T11:42:25 - BettingLogger - INFO - Request: GET /login
2026-03-25T11:42:25 - BettingLogger - INFO - GET /login returned 200 OK
2026-03-25T11:42:25 - BettingLogger - INFO - Request: GET /static/css/style.css
2026-03-25T11:42:25 - BettingLogger - INFO - Request: GET /static/js/main.js
2026-03-25T11:42:25 - BettingLogger - INFO - GET /static/css/style.css returned 304 NOT MODIFIED
2026-03-25T11:42:25 - BettingLogger - INFO - GET /static/js/main.js returned 304 NOT MODIFIED
2026-03-25T11:42:28 - BettingLogger - INFO - Request: GET /register
2026-03-25T11:42:28 - BettingLogger - INFO - Registration attempt initiated
2026-03-25T11:42:28 - BettingLogger - INFO - GET /register returned 200 OK
2026-03-25T11:42:28 - BettingLogger - INFO - Request: GET /static/css/style.css
2026-03-25T11:42:28 - BettingLogger - INFO - Request: GET /static/js/main.js
2026-03-25T11:42:28 - BettingLogger - INFO - GET /static/css/style.css returned 304 NOT MODIFIED
2026-03-25T11:42:28 - BettingLogger - INFO - GET /static/js/main.js returned 304 NOT MODIFIED
2026-03-25T11:42:50 - BettingLogger - INFO - Request: POST /register
2026-03-25T11:42:50 - BettingLogger - INFO - Registration attempt initiated
2026-03-25T11:42:50 - BettingLogger - WARNING - Registration failed: Nickname already taken
2026-03-25T11:42:50 - BettingLogger - INFO - POST /register returned 302 FOUND
2026-03-25T11:42:50 - BettingLogger - INFO - Request: GET /register
2026-03-25T11:42:50 - BettingLogger - INFO - Registration attempt initiated
2026-03-25T11:42:50 - BettingLogger - INFO - GET /register returned 200 OK
2026-03-25T11:42:50 - BettingLogger - INFO - Request: GET /static/css/style.css
2026-03-25T11:42:50 - BettingLogger - INFO - Request: GET /static/js/main.js
2026-03-25T11:42:50 - BettingLogger - INFO - GET /static/css/style.css returned 200 OK
2026-03-25T11:42:50 - BettingLogger - INFO - GET /static/js/main.js returned 200 OK
2026-03-25T11:42:50 - BettingLogger - INFO - Request: GET /apple-touch-icon-precomposed.png
2026-03-25T11:42:50 - BettingLogger - ERROR - HTTP 500 error: 404 Not Found: The requested URL was not found on the server. If you entered the URL manually please check your spelling and try again.
2026-03-25T11:42:50 - BettingLogger - INFO - GET /apple-touch-icon-precomposed.png returned 404 NOT FOUND
2026-03-25T11:42:50 - BettingLogger - INFO - Request: GET /apple-touch-icon.png
2026-03-25T11:42:50 - BettingLogger - ERROR - HTTP 500 error: 404 Not Found: The requested URL was not found on the server. If you entered the URL manually please check your spelling and try again.
2026-03-25T11:42:50 - BettingLogger - INFO - GET /apple-touch-icon.png returned 404 NOT FOUND
2026-03-25T11:42:56 - BettingLogger - INFO - Request: GET /login
2026-03-25T11:42:56 - BettingLogger - INFO - GET /login returned 200 OK
2026-03-25T11:42:56 - BettingLogger - INFO - Request: GET /static/css/style.css
2026-03-25T11:42:56 - BettingLogger - INFO - Request: GET /static/js/main.js
2026-03-25T11:42:56 - BettingLogger - INFO - GET /static/js/main.js returned 304 NOT MODIFIED
2026-03-25T11:42:56 - BettingLogger - INFO - GET /static/css/style.css returned 304 NOT MODIFIED
2026-03-25T11:43:02 - BettingLogger - INFO - Request: POST /login
2026-03-25T11:43:02 - BettingLogger - INFO - Login attempt
2026-03-25T11:43:03 - BettingLogger - INFO - Authentication success for user: new
2026-03-25T11:43:03 - BettingLogger - INFO - POST /login returned 302 FOUND
2026-03-25T11:43:03 - BettingLogger - INFO - Request: GET /predict
2026-03-25T11:43:03 - BettingLogger - CRITICAL - Unexpected critical error: Could not build url for endpoint 'main.games'. Did you mean 'main.home' instead?
Traceback (most recent call last):
  File "/Library/Frameworks/Python.framework/Versions/3.13/lib/python3.13/site-packages/flask/app.py", line 917, in full_dispatch_request
    rv = self.dispatch_request()
  File "/Library/Frameworks/Python.framework/Versions/3.13/lib/python3.13/site-packages/flask/app.py", line 902, in dispatch_request
    return self.ensure_sync(self.view_functions[rule.endpoint])(**view_args)  # type: ignore[no-any-return]
           ~~~~~~~~~~~~~~~~~~~~~~~~~~~~~~~~~~~~~~~~~~~~~~~~~~~~^^^^^^^^^^^^^
  File "/Library/Frameworks/Python.framework/Versions/3.13/lib/python3.13/site-packages/flask_login/utils.py", line 290, in decorated_view
    return current_app.ensure_sync(func)(*args, **kwargs)
           ~~~~~~~~~~~~~~~~~~~~~~~~~~~~~^^^^^^^^^^^^^^^^^
  File "/Users/robertvinzant/Desktop/Sports-Betting-Model-1/app/src/routes.py", line 213, in dashboard
    return render_template('predict.html')#, userInfo="userInfo")
  File "/Library/Frameworks/Python.framework/Versions/3.13/lib/python3.13/site-packages/flask/templating.py", line 151, in render_template
    return _render(app, template, context)
  File "/Library/Frameworks/Python.framework/Versions/3.13/lib/python3.13/site-packages/flask/templating.py", line 132, in _render
    rv = template.render(context)
  File "/Library/Frameworks/Python.framework/Versions/3.13/lib/python3.13/site-packages/jinja2/environment.py", line 1295, in render
    self.environment.handle_exception()
    ~~~~~~~~~~~~~~~~~~~~~~~~~~~~~~~~~^^
  File "/Library/Frameworks/Python.framework/Versions/3.13/lib/python3.13/site-packages/jinja2/environment.py", line 942, in handle_exception
    raise rewrite_traceback_stack(source=source)
  File "/Users/robertvinzant/Desktop/Sports-Betting-Model-1/app/templates/predict.html", line 1, in top-level template code
    {% extends 'base.html' %}
  File "/Users/robertvinzant/Desktop/Sports-Betting-Model-1/app/templates/base.html", line 27, in top-level template code
    <li class="nav-item"><a class="nav-link" href="{{ url_for('main.games') }}">Games</a></li>
    ^^^^^
  File "/Library/Frameworks/Python.framework/Versions/3.13/lib/python3.13/site-packages/flask/app.py", line 1121, in url_for
    return self.handle_url_build_error(error, endpoint, values)
           ~~~~~~~~~~~~~~~~~~~~~~~~~~~^^^^^^^^^^^^^^^^^^^^^^^^^
  File "/Library/Frameworks/Python.framework/Versions/3.13/lib/python3.13/site-packages/flask/app.py", line 1110, in url_for
    rv = url_adapter.build(  # type: ignore[union-attr]
        endpoint,
    ...<3 lines>...
        force_external=_external,
    )
  File "/Library/Frameworks/Python.framework/Versions/3.13/lib/python3.13/site-packages/werkzeug/routing/map.py", line 901, in build
    raise BuildError(endpoint, values, method, self)
werkzeug.routing.exceptions.BuildError: Could not build url for endpoint 'main.games'. Did you mean 'main.home' instead?
2026-03-25T11:43:03 - BettingLogger - ERROR - HTTP 500 error: 500 Internal Server Error: The server encountered an internal error and was unable to complete your request. Either the server is overloaded or there is an error in the application.
2026-03-25T11:43:03 - BettingLogger - INFO - Request: GET /favicon.ico
2026-03-25T11:43:03 - BettingLogger - ERROR - HTTP 500 error: 404 Not Found: The requested URL was not found on the server. If you entered the URL manually please check your spelling and try again.
2026-03-25T11:43:03 - BettingLogger - ERROR - HTTP 500 error: 500 Internal Server Error: The server encountered an internal error and was unable to complete your request. Either the server is overloaded or there is an error in the application.
2026-03-25T11:43:16 - BettingLogger - INFO - Request: GET /register
2026-03-25T11:43:16 - BettingLogger - INFO - Registration attempt initiated
2026-03-25T11:43:16 - BettingLogger - CRITICAL - Unexpected critical error: Could not build url for endpoint 'main.games'. Did you mean 'main.home' instead?
Traceback (most recent call last):
  File "/Library/Frameworks/Python.framework/Versions/3.13/lib/python3.13/site-packages/flask/app.py", line 917, in full_dispatch_request
    rv = self.dispatch_request()
  File "/Library/Frameworks/Python.framework/Versions/3.13/lib/python3.13/site-packages/flask/app.py", line 902, in dispatch_request
    return self.ensure_sync(self.view_functions[rule.endpoint])(**view_args)  # type: ignore[no-any-return]
           ~~~~~~~~~~~~~~~~~~~~~~~~~~~~~~~~~~~~~~~~~~~~~~~~~~~~^^^^^^^^^^^^^
  File "/Users/robertvinzant/Desktop/Sports-Betting-Model-1/app/src/routes.py", line 71, in register
    return render_template('register.html', security_questions=security_questions)
  File "/Library/Frameworks/Python.framework/Versions/3.13/lib/python3.13/site-packages/flask/templating.py", line 151, in render_template
    return _render(app, template, context)
  File "/Library/Frameworks/Python.framework/Versions/3.13/lib/python3.13/site-packages/flask/templating.py", line 132, in _render
    rv = template.render(context)
  File "/Library/Frameworks/Python.framework/Versions/3.13/lib/python3.13/site-packages/jinja2/environment.py", line 1295, in render
    self.environment.handle_exception()
    ~~~~~~~~~~~~~~~~~~~~~~~~~~~~~~~~~^^
  File "/Library/Frameworks/Python.framework/Versions/3.13/lib/python3.13/site-packages/jinja2/environment.py", line 942, in handle_exception
    raise rewrite_traceback_stack(source=source)
  File "/Users/robertvinzant/Desktop/Sports-Betting-Model-1/app/templates/register.html", line 1, in top-level template code
    {% extends 'base.html' %}
  File "/Users/robertvinzant/Desktop/Sports-Betting-Model-1/app/templates/base.html", line 27, in top-level template code
    <li class="nav-item"><a class="nav-link" href="{{ url_for('main.games') }}">Games</a></li>
    ^^^^^
  File "/Library/Frameworks/Python.framework/Versions/3.13/lib/python3.13/site-packages/flask/app.py", line 1121, in url_for
    return self.handle_url_build_error(error, endpoint, values)
           ~~~~~~~~~~~~~~~~~~~~~~~~~~~^^^^^^^^^^^^^^^^^^^^^^^^^
  File "/Library/Frameworks/Python.framework/Versions/3.13/lib/python3.13/site-packages/flask/app.py", line 1110, in url_for
    rv = url_adapter.build(  # type: ignore[union-attr]
        endpoint,
    ...<3 lines>...
        force_external=_external,
    )
  File "/Library/Frameworks/Python.framework/Versions/3.13/lib/python3.13/site-packages/werkzeug/routing/map.py", line 901, in build
    raise BuildError(endpoint, values, method, self)
werkzeug.routing.exceptions.BuildError: Could not build url for endpoint 'main.games'. Did you mean 'main.home' instead?
2026-03-25T11:43:16 - BettingLogger - ERROR - HTTP 500 error: 500 Internal Server Error: The server encountered an internal error and was unable to complete your request. Either the server is overloaded or there is an error in the application.
2026-03-25T11:43:17 - BettingLogger - INFO - Request: GET /login
2026-03-25T11:43:17 - BettingLogger - CRITICAL - Unexpected critical error: Could not build url for endpoint 'main.games'. Did you mean 'main.home' instead?
Traceback (most recent call last):
  File "/Library/Frameworks/Python.framework/Versions/3.13/lib/python3.13/site-packages/flask/app.py", line 917, in full_dispatch_request
    rv = self.dispatch_request()
  File "/Library/Frameworks/Python.framework/Versions/3.13/lib/python3.13/site-packages/flask/app.py", line 902, in dispatch_request
    return self.ensure_sync(self.view_functions[rule.endpoint])(**view_args)  # type: ignore[no-any-return]
           ~~~~~~~~~~~~~~~~~~~~~~~~~~~~~~~~~~~~~~~~~~~~~~~~~~~~^^^^^^^^^^^^^
  File "/Users/robertvinzant/Desktop/Sports-Betting-Model-1/app/src/routes.py", line 103, in login
    return render_template('login.html')
  File "/Library/Frameworks/Python.framework/Versions/3.13/lib/python3.13/site-packages/flask/templating.py", line 151, in render_template
    return _render(app, template, context)
  File "/Library/Frameworks/Python.framework/Versions/3.13/lib/python3.13/site-packages/flask/templating.py", line 132, in _render
    rv = template.render(context)
  File "/Library/Frameworks/Python.framework/Versions/3.13/lib/python3.13/site-packages/jinja2/environment.py", line 1295, in render
    self.environment.handle_exception()
    ~~~~~~~~~~~~~~~~~~~~~~~~~~~~~~~~~^^
  File "/Library/Frameworks/Python.framework/Versions/3.13/lib/python3.13/site-packages/jinja2/environment.py", line 942, in handle_exception
    raise rewrite_traceback_stack(source=source)
  File "/Users/robertvinzant/Desktop/Sports-Betting-Model-1/app/templates/login.html", line 1, in top-level template code
    {% extends 'base.html' %}
  File "/Users/robertvinzant/Desktop/Sports-Betting-Model-1/app/templates/base.html", line 27, in top-level template code
    <li class="nav-item"><a class="nav-link" href="{{ url_for('main.games') }}">Games</a></li>
    ^^^^^
  File "/Library/Frameworks/Python.framework/Versions/3.13/lib/python3.13/site-packages/flask/app.py", line 1121, in url_for
    return self.handle_url_build_error(error, endpoint, values)
           ~~~~~~~~~~~~~~~~~~~~~~~~~~~^^^^^^^^^^^^^^^^^^^^^^^^^
  File "/Library/Frameworks/Python.framework/Versions/3.13/lib/python3.13/site-packages/flask/app.py", line 1110, in url_for
    rv = url_adapter.build(  # type: ignore[union-attr]
        endpoint,
    ...<3 lines>...
        force_external=_external,
    )
  File "/Library/Frameworks/Python.framework/Versions/3.13/lib/python3.13/site-packages/werkzeug/routing/map.py", line 901, in build
    raise BuildError(endpoint, values, method, self)
werkzeug.routing.exceptions.BuildError: Could not build url for endpoint 'main.games'. Did you mean 'main.home' instead?
2026-03-25T11:43:17 - BettingLogger - ERROR - HTTP 500 error: 500 Internal Server Error: The server encountered an internal error and was unable to complete your request. Either the server is overloaded or there is an error in the application.
2026-03-25T11:43:18 - BettingLogger - INFO - Request: GET /
2026-03-25T11:43:18 - BettingLogger - INFO - Home page requested
2026-03-25T11:43:18 - BettingLogger - CRITICAL - Unexpected critical error: Could not build url for endpoint 'main.games'. Did you mean 'main.home' instead?
Traceback (most recent call last):
  File "/Library/Frameworks/Python.framework/Versions/3.13/lib/python3.13/site-packages/flask/app.py", line 917, in full_dispatch_request
    rv = self.dispatch_request()
  File "/Library/Frameworks/Python.framework/Versions/3.13/lib/python3.13/site-packages/flask/app.py", line 902, in dispatch_request
    return self.ensure_sync(self.view_functions[rule.endpoint])(**view_args)  # type: ignore[no-any-return]
           ~~~~~~~~~~~~~~~~~~~~~~~~~~~~~~~~~~~~~~~~~~~~~~~~~~~~^^^^^^^^^^^^^
  File "/Users/robertvinzant/Desktop/Sports-Betting-Model-1/app/src/routes.py", line 24, in home
    return render_template('home.html')#, content=readme_file)
  File "/Library/Frameworks/Python.framework/Versions/3.13/lib/python3.13/site-packages/flask/templating.py", line 151, in render_template
    return _render(app, template, context)
  File "/Library/Frameworks/Python.framework/Versions/3.13/lib/python3.13/site-packages/flask/templating.py", line 132, in _render
    rv = template.render(context)
  File "/Library/Frameworks/Python.framework/Versions/3.13/lib/python3.13/site-packages/jinja2/environment.py", line 1295, in render
    self.environment.handle_exception()
    ~~~~~~~~~~~~~~~~~~~~~~~~~~~~~~~~~^^
  File "/Library/Frameworks/Python.framework/Versions/3.13/lib/python3.13/site-packages/jinja2/environment.py", line 942, in handle_exception
    raise rewrite_traceback_stack(source=source)
  File "/Users/robertvinzant/Desktop/Sports-Betting-Model-1/app/templates/home.html", line 1, in top-level template code
    {% extends 'base.html' %}
  File "/Users/robertvinzant/Desktop/Sports-Betting-Model-1/app/templates/base.html", line 27, in top-level template code
    <li class="nav-item"><a class="nav-link" href="{{ url_for('main.games') }}">Games</a></li>
    ^^^^^
  File "/Library/Frameworks/Python.framework/Versions/3.13/lib/python3.13/site-packages/flask/app.py", line 1121, in url_for
    return self.handle_url_build_error(error, endpoint, values)
           ~~~~~~~~~~~~~~~~~~~~~~~~~~~^^^^^^^^^^^^^^^^^^^^^^^^^
  File "/Library/Frameworks/Python.framework/Versions/3.13/lib/python3.13/site-packages/flask/app.py", line 1110, in url_for
    rv = url_adapter.build(  # type: ignore[union-attr]
        endpoint,
    ...<3 lines>...
        force_external=_external,
    )
  File "/Library/Frameworks/Python.framework/Versions/3.13/lib/python3.13/site-packages/werkzeug/routing/map.py", line 901, in build
    raise BuildError(endpoint, values, method, self)
werkzeug.routing.exceptions.BuildError: Could not build url for endpoint 'main.games'. Did you mean 'main.home' instead?
2026-03-25T11:43:18 - BettingLogger - ERROR - HTTP 500 error: 500 Internal Server Error: The server encountered an internal error and was unable to complete your request. Either the server is overloaded or there is an error in the application.
2026-03-25T12:45:32 - BettingLogger - INFO - Betting program started
2026-03-25T12:45:36 - BettingLogger - CRITICAL - Betting program exited unexpectedly or was terminated.
2026-03-25T12:45:36 - BettingLogger - ERROR - Backup failed: [Errno 2] No such file or directory: '../instance/betting.db'
2026-03-25T12:46:10 - BettingLogger - INFO - Betting program started
2026-03-25T12:46:11 - BettingLogger - INFO - Starting Betting application
2026-03-25T12:46:11 - BettingLogger - INFO - Betting application stopped
2026-03-25T12:46:11 - BettingLogger - CRITICAL - Betting program exited unexpectedly or was terminated.
2026-03-25T12:46:11 - BettingLogger - ERROR - Backup failed: [Errno 2] No such file or directory: '../instance/betting.db'
2026-03-25T12:46:47 - BettingLogger - INFO - Request: GET /
2026-03-25T12:46:47 - BettingLogger - INFO - Home page requested
2026-03-25T12:46:47 - BettingLogger - INFO - GET / returned 200 OK
2026-03-25T12:46:47 - BettingLogger - INFO - Request: GET /static/css/style.css
2026-03-25T12:46:47 - BettingLogger - INFO - Request: GET /static/js/main.js
2026-03-25T12:46:47 - BettingLogger - INFO - GET /static/css/style.css returned 304 NOT MODIFIED
2026-03-25T12:46:47 - BettingLogger - INFO - GET /static/js/main.js returned 304 NOT MODIFIED
2026-03-25T12:46:47 - BettingLogger - INFO - Request: GET /static/images/logo.png
2026-03-25T12:46:47 - BettingLogger - ERROR - HTTP 500 error: 404 Not Found: The requested URL was not found on the server. If you entered the URL manually please check your spelling and try again.
2026-03-25T12:46:47 - BettingLogger - INFO - GET /static/images/logo.png returned 404 NOT FOUND
2026-03-25T12:47:11 - BettingLogger - INFO - Betting program started
2026-03-25T12:47:13 - BettingLogger - INFO - Starting Betting application
2026-03-25T12:47:13 - BettingLogger - INFO - Betting application stopped
2026-03-25T12:47:13 - BettingLogger - CRITICAL - Betting program exited unexpectedly or was terminated.
2026-03-25T12:47:13 - BettingLogger - ERROR - Backup failed: [Errno 2] No such file or directory: '../instance/betting.db'
2026-03-25T12:47:18 - BettingLogger - INFO - Request: GET /
2026-03-25T12:47:18 - BettingLogger - INFO - Home page requested
2026-03-25T12:47:18 - BettingLogger - INFO - GET / returned 200 OK
2026-03-25T12:47:18 - BettingLogger - INFO - Request: GET /static/css/style.css
2026-03-25T12:47:18 - BettingLogger - INFO - GET /static/css/style.css returned 304 NOT MODIFIED
2026-03-25T12:47:18 - BettingLogger - INFO - Request: GET /static/js/main.js
2026-03-25T12:47:18 - BettingLogger - INFO - GET /static/js/main.js returned 304 NOT MODIFIED
