2026-03-31T03:00:50 - BettingLogger - INFO - Betting program started
2026-03-31T03:00:53 - BettingLogger - CRITICAL - Betting program exited unexpectedly or was terminated.
2026-03-31T03:00:53 - BettingLogger - ERROR - Backup failed: [WinError 3] The system cannot find the path specified
2026-03-31T03:03:33 - BettingLogger - INFO - Betting program started
2026-03-31T03:03:36 - BettingLogger - CRITICAL - Betting program exited unexpectedly or was terminated.
2026-03-31T03:03:36 - BettingLogger - ERROR - Backup failed: [WinError 3] The system cannot find the path specified
2026-03-31T03:04:17 - BettingLogger - INFO - Betting program started
2026-03-31T03:04:19 - BettingLogger - INFO - Starting Betting application
2026-03-31T03:04:26 - BettingLogger - INFO - Request: GET /
2026-03-31T03:04:26 - BettingLogger - INFO - Home page requested
2026-03-31T03:04:26 - BettingLogger - INFO - GET / returned 200 OK
2026-03-31T03:04:26 - BettingLogger - INFO - Request: GET /static/css/style.css
2026-03-31T03:04:26 - BettingLogger - INFO - Request: GET /static/js/main.js
2026-03-31T03:04:26 - BettingLogger - INFO - GET /static/css/style.css returned 200 OK
2026-03-31T03:04:26 - BettingLogger - INFO - GET /static/js/main.js returned 200 OK
2026-03-31T03:04:26 - BettingLogger - INFO - Request: GET /static/images/logo.png
2026-03-31T03:04:26 - BettingLogger - ERROR - HTTP 500 error: 404 Not Found: The requested URL was not found on the server. If you entered the URL manually please check your spelling and try again.
2026-03-31T03:04:26 - BettingLogger - INFO - GET /static/images/logo.png returned 404 NOT FOUND
2026-03-31T03:04:33 - BettingLogger - INFO - Request: GET /login
2026-03-31T03:04:33 - BettingLogger - INFO - GET /login returned 200 OK
2026-03-31T03:04:33 - BettingLogger - INFO - Request: GET /static/css/style.css
2026-03-31T03:04:33 - BettingLogger - INFO - Request: GET /static/js/main.js
2026-03-31T03:04:33 - BettingLogger - INFO - GET /static/css/style.css returned 304 NOT MODIFIED
2026-03-31T03:04:33 - BettingLogger - INFO - GET /static/js/main.js returned 304 NOT MODIFIED
2026-03-31T03:04:35 - BettingLogger - INFO - Request: POST /login
2026-03-31T03:04:35 - BettingLogger - INFO - Login attempt
2026-03-31T03:04:35 - BettingLogger - WARNING - Authentication failure for: myemail@email.com
2026-03-31T03:04:35 - BettingLogger - INFO - POST /login returned 302 FOUND
2026-03-31T03:04:35 - BettingLogger - INFO - Request: GET /login
2026-03-31T03:04:35 - BettingLogger - INFO - GET /login returned 200 OK
2026-03-31T03:04:35 - BettingLogger - INFO - Request: GET /static/css/style.css
2026-03-31T03:04:35 - BettingLogger - INFO - GET /static/css/style.css returned 304 NOT MODIFIED
2026-03-31T03:04:35 - BettingLogger - INFO - Request: GET /static/js/main.js
2026-03-31T03:04:35 - BettingLogger - INFO - GET /static/js/main.js returned 304 NOT MODIFIED
2026-03-31T03:04:41 - BettingLogger - INFO - Request: POST /login
2026-03-31T03:04:41 - BettingLogger - INFO - Login attempt
2026-03-31T03:04:42 - BettingLogger - INFO - Authentication success for user: new
2026-03-31T03:04:42 - BettingLogger - INFO - POST /login returned 302 FOUND
2026-03-31T03:04:42 - BettingLogger - INFO - Request: GET /dashboard
2026-03-31T03:04:42 - BettingLogger - INFO - GET /dashboard returned 200 OK
2026-03-31T03:04:42 - BettingLogger - INFO - Request: GET /static/css/style.css
2026-03-31T03:04:42 - BettingLogger - INFO - Request: GET /static/js/main.js
2026-03-31T03:04:42 - BettingLogger - INFO - GET /static/css/style.css returned 304 NOT MODIFIED
2026-03-31T03:04:42 - BettingLogger - INFO - GET /static/js/main.js returned 304 NOT MODIFIED
2026-03-31T03:05:16 - BettingLogger - INFO - Request: GET /dashboard
2026-03-31T03:05:16 - BettingLogger - INFO - GET /dashboard returned 200 OK
2026-03-31T03:05:16 - BettingLogger - INFO - Request: GET /static/css/style.css
2026-03-31T03:05:16 - BettingLogger - INFO - Request: GET /static/js/main.js
2026-03-31T03:05:16 - BettingLogger - INFO - GET /static/css/style.css returned 304 NOT MODIFIED
2026-03-31T03:05:16 - BettingLogger - INFO - GET /static/js/main.js returned 304 NOT MODIFIED
2026-03-31T03:05:23 - BettingLogger - INFO - Request: GET /predict
2026-03-31T03:05:23 - BettingLogger - INFO - GET /predict returned 200 OK
2026-03-31T03:05:23 - BettingLogger - INFO - Request: GET /static/css/style.css
2026-03-31T03:05:23 - BettingLogger - INFO - GET /static/css/style.css returned 304 NOT MODIFIED
2026-03-31T03:05:23 - BettingLogger - INFO - Request: GET /static/js/main.js
2026-03-31T03:05:23 - BettingLogger - INFO - GET /static/js/main.js returned 304 NOT MODIFIED
2026-03-31T03:06:40 - BettingLogger - INFO - Betting application stopped
2026-03-31T03:06:41 - BettingLogger - CRITICAL - Betting program exited unexpectedly or was terminated.
2026-03-31T03:06:41 - BettingLogger - ERROR - Backup failed: [WinError 3] The system cannot find the path specified
2026-03-31T03:11:10 - BettingLogger - INFO - Betting program started
2026-03-31T03:11:13 - BettingLogger - INFO - Starting Betting application
2026-03-31T03:11:20 - BettingLogger - INFO - Request: GET /predict
2026-03-31T03:11:20 - BettingLogger - INFO - GET /predict returned 200 OK
2026-03-31T03:11:20 - BettingLogger - INFO - Request: GET /static/css/style.css
2026-03-31T03:11:20 - BettingLogger - INFO - Request: GET /static/js/main.js
2026-03-31T03:11:20 - BettingLogger - INFO - GET /static/js/main.js returned 200 OK
2026-03-31T03:11:20 - BettingLogger - INFO - GET /static/css/style.css returned 200 OK
2026-03-31T03:11:41 - BettingLogger - INFO - Request: GET /static/css/style.css
2026-03-31T03:11:41 - BettingLogger - INFO - Request: GET /.well-known/appspecific/com.chrome.devtools.json
2026-03-31T03:11:41 - BettingLogger - INFO - GET /static/css/style.css returned 304 NOT MODIFIED
2026-03-31T03:11:41 - BettingLogger - ERROR - HTTP 500 error: 404 Not Found: The requested URL was not found on the server. If you entered the URL manually please check your spelling and try again.
2026-03-31T03:11:41 - BettingLogger - INFO - GET /.well-known/appspecific/com.chrome.devtools.json returned 404 NOT FOUND
2026-03-31T03:12:52 - BettingLogger - INFO - Request: GET /predict
2026-03-31T03:12:52 - BettingLogger - INFO - GET /predict returned 200 OK
2026-03-31T03:12:52 - BettingLogger - INFO - Request: GET /static/css/style.css
2026-03-31T03:12:52 - BettingLogger - INFO - GET /static/css/style.css returned 200 OK
2026-03-31T03:12:52 - BettingLogger - INFO - Request: GET /static/js/main.js
2026-03-31T03:12:52 - BettingLogger - INFO - GET /static/js/main.js returned 304 NOT MODIFIED
2026-03-31T03:12:52 - BettingLogger - INFO - Request: GET /.well-known/appspecific/com.chrome.devtools.json
2026-03-31T03:12:52 - BettingLogger - ERROR - HTTP 500 error: 404 Not Found: The requested URL was not found on the server. If you entered the URL manually please check your spelling and try again.
2026-03-31T03:12:52 - BettingLogger - INFO - GET /.well-known/appspecific/com.chrome.devtools.json returned 404 NOT FOUND
2026-03-31T03:13:13 - BettingLogger - INFO - Request: POST /predict
2026-03-31T03:13:13 - BettingLogger - INFO - POST /predict returned 200 OK
2026-03-31T03:13:13 - BettingLogger - INFO - Request: GET /static/css/style.css
2026-03-31T03:13:13 - BettingLogger - INFO - GET /static/css/style.css returned 304 NOT MODIFIED
2026-03-31T03:13:13 - BettingLogger - INFO - Request: GET /static/js/main.js
2026-03-31T03:13:13 - BettingLogger - INFO - GET /static/js/main.js returned 304 NOT MODIFIED
2026-03-31T03:15:47 - BettingLogger - INFO - Betting program started
2026-03-31T03:18:44 - BettingLogger - INFO - Betting program started
2026-03-31T03:18:47 - BettingLogger - INFO - Starting Betting application
2026-03-31T03:18:52 - BettingLogger - INFO - Request: POST /predict
2026-03-31T03:18:52 - BettingLogger - INFO - POST /predict returned 200 OK
2026-03-31T03:18:53 - BettingLogger - INFO - Request: GET /static/js/main.js
2026-03-31T03:18:53 - BettingLogger - INFO - Request: GET /static/css/style.css
2026-03-31T03:18:53 - BettingLogger - INFO - GET /static/css/style.css returned 304 NOT MODIFIED
2026-03-31T03:18:53 - BettingLogger - INFO - GET /static/js/main.js returned 200 OK
2026-03-31T03:21:27 - BettingLogger - INFO - Request: POST /predict
2026-03-31T03:21:27 - BettingLogger - INFO - POST /predict returned 200 OK
2026-03-31T03:21:27 - BettingLogger - INFO - Request: GET /static/css/style.css
2026-03-31T03:21:27 - BettingLogger - INFO - Request: GET /static/js/main.js
2026-03-31T03:21:27 - BettingLogger - INFO - GET /static/css/style.css returned 304 NOT MODIFIED
2026-03-31T03:21:27 - BettingLogger - INFO - GET /static/js/main.js returned 200 OK
2026-03-31T03:23:06 - BettingLogger - INFO - Betting program started
2026-03-31T03:23:11 - BettingLogger - INFO - Starting Betting application
2026-03-31T03:23:16 - BettingLogger - INFO - Request: POST /predict
2026-03-31T03:23:16 - BettingLogger - INFO - POST /predict returned 200 OK
2026-03-31T03:23:17 - BettingLogger - INFO - Request: GET /static/css/style.css
2026-03-31T03:23:17 - BettingLogger - INFO - Request: GET /static/js/main.js
2026-03-31T03:23:17 - BettingLogger - INFO - GET /static/css/style.css returned 304 NOT MODIFIED
2026-03-31T03:23:17 - BettingLogger - INFO - GET /static/js/main.js returned 200 OK
2026-03-31T03:25:40 - BettingLogger - INFO - Betting program started
2026-03-31T03:25:43 - BettingLogger - INFO - Starting Betting application
2026-03-31T03:25:48 - BettingLogger - INFO - Request: POST /predict
2026-03-31T03:25:48 - BettingLogger - INFO - POST /predict returned 200 OK
2026-03-31T03:25:48 - BettingLogger - INFO - Request: GET /static/css/style.css
2026-03-31T03:25:48 - BettingLogger - INFO - Request: GET /static/js/main.js
2026-03-31T03:25:48 - BettingLogger - INFO - GET /static/js/main.js returned 304 NOT MODIFIED
2026-03-31T03:25:48 - BettingLogger - INFO - GET /static/css/style.css returned 200 OK
2026-03-31T03:28:49 - BettingLogger - INFO - Request: POST /predict
2026-03-31T03:28:49 - BettingLogger - INFO - POST /predict returned 200 OK
2026-03-31T03:28:49 - BettingLogger - INFO - Request: GET /static/css/style.css
2026-03-31T03:28:49 - BettingLogger - INFO - Request: GET /static/js/main.js
2026-03-31T03:28:49 - BettingLogger - INFO - GET /static/css/style.css returned 200 OK
2026-03-31T03:28:49 - BettingLogger - INFO - GET /static/js/main.js returned 200 OK
2026-03-31T03:28:58 - BettingLogger - INFO - Betting program started
2026-03-31T03:29:02 - BettingLogger - INFO - Starting Betting application
2026-03-31T03:29:15 - BettingLogger - INFO - Request: POST /predict
2026-03-31T03:29:15 - BettingLogger - INFO - POST /predict returned 200 OK
2026-03-31T03:29:16 - BettingLogger - INFO - Request: GET /static/css/style.css
2026-03-31T03:29:16 - BettingLogger - INFO - Request: GET /static/js/main.js
2026-03-31T03:29:16 - BettingLogger - INFO - GET /static/js/main.js returned 304 NOT MODIFIED
2026-03-31T03:29:16 - BettingLogger - INFO - GET /static/css/style.css returned 304 NOT MODIFIED
2026-03-31T03:29:37 - BettingLogger - INFO - Request: POST /predict
2026-03-31T03:29:37 - BettingLogger - INFO - POST /predict returned 200 OK
2026-03-31T03:29:37 - BettingLogger - INFO - Request: GET /static/css/style.css
2026-03-31T03:29:37 - BettingLogger - INFO - Request: GET /static/js/main.js
2026-03-31T03:29:37 - BettingLogger - INFO - GET /static/css/style.css returned 304 NOT MODIFIED
2026-03-31T03:29:37 - BettingLogger - INFO - GET /static/js/main.js returned 304 NOT MODIFIED
2026-03-31T03:29:50 - BettingLogger - INFO - Request: GET /static/css/style.css
2026-03-31T03:29:50 - BettingLogger - INFO - Request: GET /.well-known/appspecific/com.chrome.devtools.json
2026-03-31T03:29:50 - BettingLogger - INFO - GET /static/css/style.css returned 304 NOT MODIFIED
2026-03-31T03:29:50 - BettingLogger - ERROR - HTTP 500 error: 404 Not Found: The requested URL was not found on the server. If you entered the URL manually please check your spelling and try again.
2026-03-31T03:29:50 - BettingLogger - INFO - GET /.well-known/appspecific/com.chrome.devtools.json returned 404 NOT FOUND
2026-03-31T03:32:28 - BettingLogger - INFO - Betting program started
2026-03-31T03:32:31 - BettingLogger - INFO - Starting Betting application
2026-03-31T03:32:46 - BettingLogger - INFO - Request: POST /predict
2026-03-31T03:32:47 - BettingLogger - INFO - POST /predict returned 200 OK
2026-03-31T03:32:47 - BettingLogger - INFO - Request: GET /static/css/style.css
2026-03-31T03:32:47 - BettingLogger - INFO - Request: GET /static/js/main.js
2026-03-31T03:32:48 - BettingLogger - INFO - GET /static/js/main.js returned 304 NOT MODIFIED
2026-03-31T03:32:48 - BettingLogger - INFO - GET /static/css/style.css returned 304 NOT MODIFIED
2026-03-31T03:33:51 - BettingLogger - INFO - Request: POST /predict
2026-03-31T03:33:51 - BettingLogger - INFO - POST /predict returned 200 OK
2026-03-31T03:33:51 - BettingLogger - INFO - Request: GET /static/css/style.css
2026-03-31T03:33:51 - BettingLogger - INFO - Request: GET /static/js/main.js
2026-03-31T03:33:51 - BettingLogger - INFO - GET /static/css/style.css returned 304 NOT MODIFIED
2026-03-31T03:33:51 - BettingLogger - INFO - GET /static/js/main.js returned 304 NOT MODIFIED
2026-03-31T03:34:00 - BettingLogger - INFO - Betting program started
2026-03-31T03:34:06 - BettingLogger - INFO - Starting Betting application
2026-03-31T03:34:10 - BettingLogger - INFO - Request: POST /predict
2026-03-31T03:34:10 - BettingLogger - INFO - POST /predict returned 200 OK
2026-03-31T03:34:10 - BettingLogger - INFO - Request: GET /static/css/style.css
2026-03-31T03:34:10 - BettingLogger - INFO - Request: GET /static/js/main.js
2026-03-31T03:34:11 - BettingLogger - INFO - GET /static/js/main.js returned 304 NOT MODIFIED
2026-03-31T03:34:11 - BettingLogger - INFO - GET /static/css/style.css returned 304 NOT MODIFIED
2026-03-31T03:34:43 - BettingLogger - INFO - Request: GET /static/css/style.css
2026-03-31T03:34:43 - BettingLogger - INFO - Request: GET /.well-known/appspecific/com.chrome.devtools.json
2026-03-31T03:34:43 - BettingLogger - INFO - GET /static/css/style.css returned 304 NOT MODIFIED
2026-03-31T03:34:43 - BettingLogger - ERROR - HTTP 500 error: 404 Not Found: The requested URL was not found on the server. If you entered the URL manually please check your spelling and try again.
2026-03-31T03:34:43 - BettingLogger - INFO - GET /.well-known/appspecific/com.chrome.devtools.json returned 404 NOT FOUND
2026-03-31T03:37:56 - BettingLogger - INFO - Betting program started
2026-03-31T03:38:01 - BettingLogger - INFO - Starting Betting application
2026-03-31T03:38:04 - BettingLogger - INFO - Request: POST /predict
2026-03-31T03:38:04 - BettingLogger - INFO - POST /predict returned 200 OK
2026-03-31T03:38:04 - BettingLogger - INFO - Request: GET /static/js/main.js
2026-03-31T03:38:04 - BettingLogger - INFO - Request: GET /static/css/style.css
2026-03-31T03:38:04 - BettingLogger - INFO - Request: GET /.well-known/appspecific/com.chrome.devtools.json
2026-03-31T03:38:04 - BettingLogger - ERROR - HTTP 500 error: 404 Not Found: The requested URL was not found on the server. If you entered the URL manually please check your spelling and try again.
2026-03-31T03:38:04 - BettingLogger - INFO - GET /.well-known/appspecific/com.chrome.devtools.json returned 404 NOT FOUND
2026-03-31T03:38:04 - BettingLogger - INFO - GET /static/css/style.css returned 304 NOT MODIFIED
2026-03-31T03:38:04 - BettingLogger - INFO - GET /static/js/main.js returned 304 NOT MODIFIED
2026-03-31T03:43:45 - BettingLogger - INFO - Betting program started
2026-03-31T03:43:50 - BettingLogger - INFO - Starting Betting application
2026-03-31T03:43:53 - BettingLogger - INFO - Request: POST /predict
2026-03-31T03:43:53 - BettingLogger - INFO - POST /predict returned 200 OK
2026-03-31T03:43:53 - BettingLogger - INFO - Request: GET /static/css/style.css
2026-03-31T03:43:53 - BettingLogger - INFO - Request: GET /static/js/main.js
2026-03-31T03:43:54 - BettingLogger - INFO - GET /static/css/style.css returned 304 NOT MODIFIED
2026-03-31T03:43:54 - BettingLogger - INFO - GET /static/js/main.js returned 200 OK
2026-03-31T03:43:54 - BettingLogger - INFO - Request: GET /.well-known/appspecific/com.chrome.devtools.json
2026-03-31T03:43:54 - BettingLogger - ERROR - HTTP 500 error: 404 Not Found: The requested URL was not found on the server. If you entered the URL manually please check your spelling and try again.
2026-03-31T03:43:54 - BettingLogger - INFO - GET /.well-known/appspecific/com.chrome.devtools.json returned 404 NOT FOUND
2026-03-31T03:44:13 - BettingLogger - INFO - Request: POST /predict
2026-03-31T03:44:13 - BettingLogger - INFO - POST /predict returned 200 OK
2026-03-31T03:44:14 - BettingLogger - INFO - Request: GET /static/css/style.css
2026-03-31T03:44:14 - BettingLogger - INFO - Request: GET /static/js/main.js
2026-03-31T03:44:14 - BettingLogger - INFO - GET /static/js/main.js returned 304 NOT MODIFIED
2026-03-31T03:44:14 - BettingLogger - INFO - GET /static/css/style.css returned 304 NOT MODIFIED
2026-03-31T03:44:15 - BettingLogger - INFO - Request: GET /.well-known/appspecific/com.chrome.devtools.json
2026-03-31T03:44:15 - BettingLogger - ERROR - HTTP 500 error: 404 Not Found: The requested URL was not found on the server. If you entered the URL manually please check your spelling and try again.
2026-03-31T03:44:15 - BettingLogger - INFO - GET /.well-known/appspecific/com.chrome.devtools.json returned 404 NOT FOUND
2026-03-31T03:45:08 - BettingLogger - INFO - Betting program started
2026-03-31T03:45:11 - BettingLogger - INFO - Starting Betting application
2026-03-31T03:45:14 - BettingLogger - INFO - Request: POST /predict
2026-03-31T03:45:14 - BettingLogger - INFO - POST /predict returned 200 OK
2026-03-31T03:45:14 - BettingLogger - INFO - Request: GET /static/css/style.css
2026-03-31T03:45:14 - BettingLogger - INFO - Request: GET /static/js/main.js
2026-03-31T03:45:14 - BettingLogger - INFO - Request: GET /.well-known/appspecific/com.chrome.devtools.json
2026-03-31T03:45:14 - BettingLogger - ERROR - HTTP 500 error: 404 Not Found: The requested URL was not found on the server. If you entered the URL manually please check your spelling and try again.
2026-03-31T03:45:14 - BettingLogger - INFO - GET /.well-known/appspecific/com.chrome.devtools.json returned 404 NOT FOUND
2026-03-31T03:45:15 - BettingLogger - INFO - GET /static/js/main.js returned 200 OK
2026-03-31T03:45:15 - BettingLogger - INFO - GET /static/css/style.css returned 304 NOT MODIFIED
2026-03-31T03:45:22 - BettingLogger - INFO - Request: POST /predict
2026-03-31T03:45:22 - BettingLogger - INFO - POST /predict returned 200 OK
2026-03-31T03:45:22 - BettingLogger - INFO - Request: GET /static/css/style.css
2026-03-31T03:45:22 - BettingLogger - INFO - GET /static/css/style.css returned 304 NOT MODIFIED
2026-03-31T03:45:22 - BettingLogger - INFO - Request: GET /static/js/main.js
2026-03-31T03:45:22 - BettingLogger - INFO - GET /static/js/main.js returned 304 NOT MODIFIED
2026-03-31T03:45:22 - BettingLogger - INFO - Request: GET /.well-known/appspecific/com.chrome.devtools.json
2026-03-31T03:45:22 - BettingLogger - ERROR - HTTP 500 error: 404 Not Found: The requested URL was not found on the server. If you entered the URL manually please check your spelling and try again.
2026-03-31T03:45:22 - BettingLogger - INFO - GET /.well-known/appspecific/com.chrome.devtools.json returned 404 NOT FOUND
2026-03-31T03:47:29 - BettingLogger - INFO - Request: POST /predict
2026-03-31T03:47:29 - BettingLogger - INFO - POST /predict returned 200 OK
2026-03-31T03:47:29 - BettingLogger - INFO - Request: GET /static/css/style.css
2026-03-31T03:47:29 - BettingLogger - INFO - Request: GET /static/js/main.js
2026-03-31T03:47:29 - BettingLogger - INFO - GET /static/css/style.css returned 304 NOT MODIFIED
2026-03-31T03:47:29 - BettingLogger - INFO - GET /static/js/main.js returned 304 NOT MODIFIED
2026-03-31T03:47:35 - BettingLogger - INFO - Request: POST /predict
2026-03-31T03:47:35 - BettingLogger - INFO - POST /predict returned 200 OK
2026-03-31T03:47:35 - BettingLogger - INFO - Request: GET /static/css/style.css
2026-03-31T03:47:35 - BettingLogger - INFO - Request: GET /static/js/main.js
2026-03-31T03:47:35 - BettingLogger - INFO - GET /static/css/style.css returned 304 NOT MODIFIED
2026-03-31T03:47:35 - BettingLogger - INFO - GET /static/js/main.js returned 304 NOT MODIFIED
2026-03-31T03:49:17 - BettingLogger - INFO - Request: POST /predict
2026-03-31T03:49:17 - BettingLogger - INFO - POST /predict returned 200 OK
2026-03-31T03:49:18 - BettingLogger - INFO - Request: GET /static/css/style.css
2026-03-31T03:49:18 - BettingLogger - INFO - Request: GET /static/js/main.js
2026-03-31T03:49:18 - BettingLogger - INFO - GET /static/css/style.css returned 304 NOT MODIFIED
2026-03-31T03:49:18 - BettingLogger - INFO - GET /static/js/main.js returned 304 NOT MODIFIED
2026-03-31T03:49:26 - BettingLogger - INFO - Betting program started
2026-03-31T03:49:29 - BettingLogger - INFO - Starting Betting application
2026-03-31T03:49:36 - BettingLogger - INFO - Request: POST /predict
2026-03-31T03:49:36 - BettingLogger - INFO - POST /predict returned 200 OK
2026-03-31T03:49:36 - BettingLogger - INFO - Request: GET /static/css/style.css
2026-03-31T03:49:36 - BettingLogger - INFO - Request: GET /static/js/main.js
2026-03-31T03:49:36 - BettingLogger - INFO - GET /static/js/main.js returned 304 NOT MODIFIED
2026-03-31T03:49:36 - BettingLogger - INFO - GET /static/css/style.css returned 304 NOT MODIFIED
2026-03-31T03:52:02 - BettingLogger - INFO - Betting program started
2026-03-31T03:52:06 - BettingLogger - INFO - Starting Betting application
2026-03-31T03:52:15 - BettingLogger - INFO - Request: POST /predict
2026-03-31T03:52:16 - BettingLogger - INFO - POST /predict returned 200 OK
2026-03-31T03:52:16 - BettingLogger - INFO - Request: GET /static/css/style.css
2026-03-31T03:52:16 - BettingLogger - INFO - Request: GET /static/js/main.js
2026-03-31T03:52:16 - BettingLogger - INFO - GET /static/css/style.css returned 304 NOT MODIFIED
2026-03-31T03:52:16 - BettingLogger - INFO - GET /static/js/main.js returned 304 NOT MODIFIED
2026-03-31T03:52:58 - BettingLogger - INFO - Request: POST /predict
2026-03-31T03:52:58 - BettingLogger - INFO - POST /predict returned 200 OK
2026-03-31T03:52:58 - BettingLogger - INFO - Request: GET /static/css/style.css
2026-03-31T03:52:58 - BettingLogger - INFO - Request: GET /static/js/main.js
2026-03-31T03:52:58 - BettingLogger - INFO - GET /static/css/style.css returned 304 NOT MODIFIED
2026-03-31T03:52:58 - BettingLogger - INFO - GET /static/js/main.js returned 304 NOT MODIFIED
2026-03-31T03:53:05 - BettingLogger - INFO - Request: POST /predict
2026-03-31T03:53:05 - BettingLogger - INFO - POST /predict returned 200 OK
2026-03-31T03:53:05 - BettingLogger - INFO - Request: GET /static/css/style.css
2026-03-31T03:53:05 - BettingLogger - INFO - Request: GET /static/js/main.js
2026-03-31T03:53:05 - BettingLogger - INFO - GET /static/css/style.css returned 304 NOT MODIFIED
2026-03-31T03:53:05 - BettingLogger - INFO - GET /static/js/main.js returned 304 NOT MODIFIED
2026-03-31T03:53:46 - BettingLogger - INFO - Betting program started
2026-03-31T03:53:52 - BettingLogger - INFO - Starting Betting application
2026-03-31T03:53:58 - BettingLogger - INFO - Request: POST /predict
2026-03-31T03:53:58 - BettingLogger - INFO - POST /predict returned 200 OK
2026-03-31T03:53:58 - BettingLogger - INFO - Request: GET /static/css/style.css
2026-03-31T03:53:58 - BettingLogger - INFO - Request: GET /static/js/main.js
2026-03-31T03:53:58 - BettingLogger - INFO - GET /static/js/main.js returned 304 NOT MODIFIED
2026-03-31T03:53:58 - BettingLogger - INFO - GET /static/css/style.css returned 304 NOT MODIFIED
2026-03-31T03:54:06 - BettingLogger - INFO - Request: POST /predict
2026-03-31T03:54:06 - BettingLogger - INFO - POST /predict returned 200 OK
2026-03-31T03:54:06 - BettingLogger - INFO - Request: GET /static/css/style.css
2026-03-31T03:54:06 - BettingLogger - INFO - GET /static/css/style.css returned 304 NOT MODIFIED
2026-03-31T03:54:06 - BettingLogger - INFO - Request: GET /static/js/main.js
2026-03-31T03:54:06 - BettingLogger - INFO - GET /static/js/main.js returned 304 NOT MODIFIED
2026-03-31T03:55:31 - BettingLogger - INFO - Betting program started
2026-03-31T03:55:36 - BettingLogger - INFO - Starting Betting application
2026-03-31T03:55:40 - BettingLogger - INFO - Request: POST /predict
2026-03-31T03:55:40 - BettingLogger - INFO - POST /predict returned 200 OK
2026-03-31T03:55:41 - BettingLogger - INFO - Request: GET /static/css/style.css
2026-03-31T03:55:41 - BettingLogger - INFO - Request: GET /static/js/main.js
2026-03-31T03:55:42 - BettingLogger - INFO - GET /static/css/style.css returned 304 NOT MODIFIED
2026-03-31T03:55:42 - BettingLogger - INFO - GET /static/js/main.js returned 304 NOT MODIFIED
2026-03-31T03:55:48 - BettingLogger - INFO - Request: POST /predict
2026-03-31T03:55:48 - BettingLogger - INFO - POST /predict returned 200 OK
2026-03-31T03:55:48 - BettingLogger - INFO - Request: GET /static/css/style.css
2026-03-31T03:55:48 - BettingLogger - INFO - GET /static/css/style.css returned 304 NOT MODIFIED
2026-03-31T03:55:48 - BettingLogger - INFO - Request: GET /static/js/main.js
2026-03-31T03:55:48 - BettingLogger - INFO - GET /static/js/main.js returned 304 NOT MODIFIED
2026-03-31T04:03:52 - BettingLogger - INFO - Request: POST /predict
2026-03-31T04:03:52 - BettingLogger - INFO - POST /predict returned 200 OK
2026-03-31T04:03:52 - BettingLogger - INFO - Request: GET /static/css/style.css
2026-03-31T04:03:52 - BettingLogger - INFO - Request: GET /static/js/main.js
2026-03-31T04:03:52 - BettingLogger - INFO - GET /static/css/style.css returned 304 NOT MODIFIED
2026-03-31T04:03:52 - BettingLogger - INFO - GET /static/js/main.js returned 304 NOT MODIFIED
2026-03-31T04:04:14 - BettingLogger - INFO - Request: GET /dashboard
2026-03-31T04:04:15 - BettingLogger - INFO - GET /dashboard returned 200 OK
2026-03-31T04:04:15 - BettingLogger - INFO - Request: GET /static/css/style.css
2026-03-31T04:04:15 - BettingLogger - INFO - Request: GET /static/js/main.js
2026-03-31T04:04:15 - BettingLogger - INFO - GET /static/css/style.css returned 304 NOT MODIFIED
2026-03-31T04:04:15 - BettingLogger - INFO - GET /static/js/main.js returned 304 NOT MODIFIED
2026-03-31T04:04:21 - BettingLogger - INFO - Request: GET /logging-info
2026-03-31T04:04:21 - BettingLogger - INFO - GET /logging-info returned 302 FOUND
2026-03-31T04:04:22 - BettingLogger - INFO - Request: GET /dashboard
2026-03-31T04:04:22 - BettingLogger - INFO - GET /dashboard returned 200 OK
2026-03-31T04:04:22 - BettingLogger - INFO - Request: GET /static/css/style.css
2026-03-31T04:04:22 - BettingLogger - INFO - GET /static/css/style.css returned 304 NOT MODIFIED
2026-03-31T04:04:22 - BettingLogger - INFO - Request: GET /static/js/main.js
2026-03-31T04:04:22 - BettingLogger - INFO - GET /static/js/main.js returned 304 NOT MODIFIED
2026-03-31T04:04:24 - BettingLogger - INFO - Request: GET /logging-info
2026-03-31T04:04:24 - BettingLogger - INFO - GET /logging-info returned 302 FOUND
2026-03-31T04:04:25 - BettingLogger - INFO - Request: GET /dashboard
2026-03-31T04:04:25 - BettingLogger - INFO - GET /dashboard returned 200 OK
2026-03-31T04:04:25 - BettingLogger - INFO - Request: GET /static/css/style.css
2026-03-31T04:04:25 - BettingLogger - INFO - GET /static/css/style.css returned 304 NOT MODIFIED
2026-03-31T04:04:25 - BettingLogger - INFO - Request: GET /static/js/main.js
2026-03-31T04:04:25 - BettingLogger - INFO - GET /static/js/main.js returned 304 NOT MODIFIED
2026-03-31T04:04:26 - BettingLogger - INFO - Request: GET /logging-info
2026-03-31T04:04:26 - BettingLogger - INFO - GET /logging-info returned 302 FOUND
2026-03-31T04:04:26 - BettingLogger - INFO - Request: GET /dashboard
2026-03-31T04:04:26 - BettingLogger - INFO - GET /dashboard returned 200 OK
2026-03-31T04:04:26 - BettingLogger - INFO - Request: GET /static/css/style.css
2026-03-31T04:04:26 - BettingLogger - INFO - Request: GET /static/js/main.js
2026-03-31T04:04:26 - BettingLogger - INFO - GET /static/css/style.css returned 304 NOT MODIFIED
2026-03-31T04:04:26 - BettingLogger - INFO - GET /static/js/main.js returned 304 NOT MODIFIED
2026-03-31T04:04:27 - BettingLogger - INFO - Request: GET /logging-info
2026-03-31T04:04:27 - BettingLogger - INFO - GET /logging-info returned 302 FOUND
2026-03-31T04:04:27 - BettingLogger - INFO - Request: GET /dashboard
2026-03-31T04:04:27 - BettingLogger - INFO - GET /dashboard returned 200 OK
2026-03-31T04:04:27 - BettingLogger - INFO - Request: GET /static/css/style.css
2026-03-31T04:04:27 - BettingLogger - INFO - GET /static/css/style.css returned 304 NOT MODIFIED
2026-03-31T04:04:27 - BettingLogger - INFO - Request: GET /static/js/main.js
2026-03-31T04:04:27 - BettingLogger - INFO - GET /static/js/main.js returned 304 NOT MODIFIED
2026-03-31T04:04:28 - BettingLogger - INFO - Request: GET /profile
2026-03-31T04:04:28 - BettingLogger - INFO - GET /profile returned 200 OK
2026-03-31T04:04:28 - BettingLogger - INFO - Request: GET /static/css/style.css
2026-03-31T04:04:28 - BettingLogger - INFO - GET /static/css/style.css returned 304 NOT MODIFIED
2026-03-31T04:04:29 - BettingLogger - INFO - Request: GET /static/js/main.js
2026-03-31T04:04:29 - BettingLogger - INFO - GET /static/js/main.js returned 304 NOT MODIFIED
2026-03-31T04:04:39 - BettingLogger - INFO - Request: POST /profile
2026-03-31T04:04:39 - BettingLogger - INFO - Profile updated for user: new
2026-03-31T04:04:39 - BettingLogger - INFO - POST /profile returned 302 FOUND
2026-03-31T04:04:39 - BettingLogger - INFO - Request: GET /profile
2026-03-31T04:04:39 - BettingLogger - INFO - GET /profile returned 200 OK
2026-03-31T04:04:39 - BettingLogger - INFO - Request: GET /static/css/style.css
2026-03-31T04:04:39 - BettingLogger - INFO - Request: GET /static/js/main.js
2026-03-31T04:04:39 - BettingLogger - INFO - GET /static/css/style.css returned 304 NOT MODIFIED
2026-03-31T04:04:39 - BettingLogger - INFO - GET /static/js/main.js returned 304 NOT MODIFIED
2026-03-31T04:04:47 - BettingLogger - INFO - Request: GET /logout
2026-03-31T04:04:47 - BettingLogger - INFO - User logged out: new
2026-03-31T04:04:47 - BettingLogger - INFO - GET /logout returned 302 FOUND
2026-03-31T04:04:47 - BettingLogger - INFO - Request: GET /login
2026-03-31T04:04:47 - BettingLogger - INFO - GET /login returned 200 OK
2026-03-31T04:04:47 - BettingLogger - INFO - Request: GET /static/css/style.css
2026-03-31T04:04:47 - BettingLogger - INFO - Request: GET /static/js/main.js
2026-03-31T04:04:47 - BettingLogger - INFO - GET /static/css/style.css returned 304 NOT MODIFIED
2026-03-31T04:04:47 - BettingLogger - INFO - GET /static/js/main.js returned 304 NOT MODIFIED
2026-03-31T04:04:57 - BettingLogger - INFO - Request: POST /login
2026-03-31T04:04:57 - BettingLogger - INFO - Login attempt
2026-03-31T04:04:58 - BettingLogger - INFO - Authentication success for user: new
2026-03-31T04:04:58 - BettingLogger - INFO - POST /login returned 302 FOUND
2026-03-31T04:04:58 - BettingLogger - INFO - Request: GET /dashboard
2026-03-31T04:04:58 - BettingLogger - INFO - GET /dashboard returned 200 OK
2026-03-31T04:04:58 - BettingLogger - INFO - Request: GET /static/css/style.css
2026-03-31T04:04:58 - BettingLogger - INFO - GET /static/css/style.css returned 304 NOT MODIFIED
2026-03-31T04:04:58 - BettingLogger - INFO - Request: GET /static/js/main.js
2026-03-31T04:04:58 - BettingLogger - INFO - GET /static/js/main.js returned 304 NOT MODIFIED
2026-03-31T04:05:00 - BettingLogger - INFO - Request: GET /predict
2026-03-31T04:05:00 - BettingLogger - INFO - GET /predict returned 200 OK
2026-03-31T04:05:00 - BettingLogger - INFO - Request: GET /static/css/style.css
2026-03-31T04:05:00 - BettingLogger - INFO - GET /static/css/style.css returned 304 NOT MODIFIED
2026-03-31T04:05:00 - BettingLogger - INFO - Request: GET /static/js/main.js
2026-03-31T04:05:00 - BettingLogger - INFO - GET /static/js/main.js returned 304 NOT MODIFIED
2026-03-31T04:05:07 - BettingLogger - INFO - Request: POST /predict
2026-03-31T04:05:07 - BettingLogger - INFO - POST /predict returned 200 OK
2026-03-31T04:05:07 - BettingLogger - INFO - Request: GET /static/css/style.css
2026-03-31T04:05:07 - BettingLogger - INFO - GET /static/css/style.css returned 304 NOT MODIFIED
2026-03-31T04:05:07 - BettingLogger - INFO - Request: GET /static/js/main.js
2026-03-31T04:05:07 - BettingLogger - INFO - GET /static/js/main.js returned 304 NOT MODIFIED
2026-03-31T04:05:18 - BettingLogger - INFO - Request: GET /dashboard
2026-03-31T04:05:18 - BettingLogger - INFO - GET /dashboard returned 200 OK
2026-03-31T04:05:18 - BettingLogger - INFO - Request: GET /static/css/style.css
2026-03-31T04:05:18 - BettingLogger - INFO - GET /static/css/style.css returned 304 NOT MODIFIED
2026-03-31T04:05:18 - BettingLogger - INFO - Request: GET /static/js/main.js
2026-03-31T04:05:18 - BettingLogger - INFO - GET /static/js/main.js returned 304 NOT MODIFIED
2026-03-31T04:06:15 - BettingLogger - INFO - Request: GET /predict
2026-03-31T04:06:15 - BettingLogger - INFO - GET /predict returned 200 OK
2026-03-31T04:06:15 - BettingLogger - INFO - Request: GET /static/js/main.js
2026-03-31T04:06:15 - BettingLogger - INFO - Request: GET /static/css/style.css
2026-03-31T04:06:15 - BettingLogger - INFO - GET /static/js/main.js returned 304 NOT MODIFIED
2026-03-31T04:06:15 - BettingLogger - INFO - GET /static/css/style.css returned 304 NOT MODIFIED
2026-03-31T04:06:19 - BettingLogger - INFO - Request: GET /dashboard
2026-03-31T04:06:19 - BettingLogger - INFO - GET /dashboard returned 200 OK
2026-03-31T04:06:19 - BettingLogger - INFO - Request: GET /static/css/style.css
2026-03-31T04:06:19 - BettingLogger - INFO - GET /static/css/style.css returned 304 NOT MODIFIED
2026-03-31T04:06:19 - BettingLogger - INFO - Request: GET /static/js/main.js
2026-03-31T04:06:19 - BettingLogger - INFO - GET /static/js/main.js returned 304 NOT MODIFIED
2026-03-31T04:06:25 - BettingLogger - INFO - Request: GET /predict
2026-03-31T04:06:25 - BettingLogger - INFO - GET /predict returned 200 OK
2026-03-31T04:06:25 - BettingLogger - INFO - Request: GET /static/css/style.css
2026-03-31T04:06:25 - BettingLogger - INFO - GET /static/css/style.css returned 304 NOT MODIFIED
2026-03-31T04:06:25 - BettingLogger - INFO - Request: GET /static/js/main.js
2026-03-31T04:06:25 - BettingLogger - INFO - GET /static/js/main.js returned 304 NOT MODIFIED
2026-03-31T04:06:34 - BettingLogger - INFO - Request: POST /predict
2026-03-31T04:06:35 - BettingLogger - INFO - POST /predict returned 200 OK
2026-03-31T04:06:35 - BettingLogger - INFO - Request: GET /static/css/style.css
2026-03-31T04:06:35 - BettingLogger - INFO - Request: GET /static/js/main.js
2026-03-31T04:06:35 - BettingLogger - INFO - GET /static/css/style.css returned 304 NOT MODIFIED
2026-03-31T04:06:35 - BettingLogger - INFO - GET /static/js/main.js returned 304 NOT MODIFIED
2026-03-31T04:06:46 - BettingLogger - INFO - Request: GET /logout
2026-03-31T04:06:46 - BettingLogger - INFO - User logged out: new
2026-03-31T04:06:46 - BettingLogger - INFO - GET /logout returned 302 FOUND
2026-03-31T04:06:46 - BettingLogger - INFO - Request: GET /login
2026-03-31T04:06:46 - BettingLogger - INFO - GET /login returned 200 OK
2026-03-31T04:06:46 - BettingLogger - INFO - Request: GET /static/css/style.css
2026-03-31T04:06:46 - BettingLogger - INFO - Request: GET /static/js/main.js
2026-03-31T04:06:46 - BettingLogger - INFO - GET /static/css/style.css returned 304 NOT MODIFIED
2026-03-31T04:06:46 - BettingLogger - INFO - GET /static/js/main.js returned 304 NOT MODIFIED
2026-03-31T04:06:48 - BettingLogger - INFO - Request: GET /dashboard
2026-03-31T04:06:48 - BettingLogger - INFO - GET /dashboard returned 200 OK
2026-03-31T04:06:48 - BettingLogger - INFO - Request: GET /static/css/style.css
2026-03-31T04:06:48 - BettingLogger - INFO - Request: GET /static/js/main.js
2026-03-31T04:06:48 - BettingLogger - INFO - GET /static/js/main.js returned 304 NOT MODIFIED
2026-03-31T04:06:48 - BettingLogger - INFO - GET /static/css/style.css returned 304 NOT MODIFIED
2026-03-31T04:06:49 - BettingLogger - INFO - Request: GET /predict
2026-03-31T04:06:49 - BettingLogger - INFO - GET /predict returned 302 FOUND
2026-03-31T04:06:49 - BettingLogger - INFO - Request: GET /login
2026-03-31T04:06:49 - BettingLogger - INFO - GET /login returned 200 OK
2026-03-31T04:06:49 - BettingLogger - INFO - Request: GET /static/css/style.css
2026-03-31T04:06:49 - BettingLogger - INFO - Request: GET /static/js/main.js
2026-03-31T04:06:49 - BettingLogger - INFO - GET /static/css/style.css returned 304 NOT MODIFIED
2026-03-31T04:06:49 - BettingLogger - INFO - GET /static/js/main.js returned 304 NOT MODIFIED
2026-03-31T04:06:53 - BettingLogger - INFO - Request: GET /dashboard
2026-03-31T04:06:53 - BettingLogger - INFO - GET /dashboard returned 200 OK
2026-03-31T04:06:53 - BettingLogger - INFO - Request: GET /static/css/style.css
2026-03-31T04:06:53 - BettingLogger - INFO - Request: GET /static/js/main.js
2026-03-31T04:06:53 - BettingLogger - INFO - GET /static/css/style.css returned 304 NOT MODIFIED
2026-03-31T04:06:53 - BettingLogger - INFO - GET /static/js/main.js returned 304 NOT MODIFIED
2026-03-31T04:06:56 - BettingLogger - INFO - Request: GET /profile
2026-03-31T04:06:56 - BettingLogger - INFO - GET /profile returned 302 FOUND
2026-03-31T04:06:56 - BettingLogger - INFO - Request: GET /login
2026-03-31T04:06:56 - BettingLogger - INFO - GET /login returned 200 OK
2026-03-31T04:06:56 - BettingLogger - INFO - Request: GET /static/css/style.css
2026-03-31T04:06:56 - BettingLogger - INFO - Request: GET /static/js/main.js
2026-03-31T04:06:56 - BettingLogger - INFO - GET /static/css/style.css returned 304 NOT MODIFIED
2026-03-31T04:06:56 - BettingLogger - INFO - GET /static/js/main.js returned 304 NOT MODIFIED
2026-03-31T04:06:58 - BettingLogger - INFO - Request: GET /dashboard
2026-03-31T04:06:58 - BettingLogger - INFO - GET /dashboard returned 200 OK
2026-03-31T04:06:58 - BettingLogger - INFO - Request: GET /static/css/style.css
2026-03-31T04:06:58 - BettingLogger - INFO - Request: GET /static/js/main.js
2026-03-31T04:06:58 - BettingLogger - INFO - GET /static/css/style.css returned 304 NOT MODIFIED
2026-03-31T04:06:58 - BettingLogger - INFO - GET /static/js/main.js returned 304 NOT MODIFIED
2026-03-31T04:07:02 - BettingLogger - INFO - Request: GET /predict
2026-03-31T04:07:02 - BettingLogger - INFO - GET /predict returned 302 FOUND
2026-03-31T04:07:02 - BettingLogger - INFO - Request: GET /login
2026-03-31T04:07:02 - BettingLogger - INFO - GET /login returned 200 OK
2026-03-31T04:07:02 - BettingLogger - INFO - Request: GET /static/css/style.css
2026-03-31T04:07:02 - BettingLogger - INFO - Request: GET /static/js/main.js
2026-03-31T04:07:02 - BettingLogger - INFO - GET /static/css/style.css returned 304 NOT MODIFIED
2026-03-31T04:07:02 - BettingLogger - INFO - GET /static/js/main.js returned 304 NOT MODIFIED
2026-03-31T04:07:03 - BettingLogger - INFO - Request: GET /dashboard
2026-03-31T04:07:03 - BettingLogger - INFO - GET /dashboard returned 200 OK
2026-03-31T04:07:03 - BettingLogger - INFO - Request: GET /static/css/style.css
2026-03-31T04:07:03 - BettingLogger - INFO - Request: GET /static/js/main.js
2026-03-31T04:07:03 - BettingLogger - INFO - GET /static/css/style.css returned 304 NOT MODIFIED
2026-03-31T04:07:03 - BettingLogger - INFO - GET /static/js/main.js returned 304 NOT MODIFIED
2026-03-31T04:13:41 - BettingLogger - INFO - Betting program started
2026-03-31T04:13:45 - BettingLogger - CRITICAL - Betting program exited unexpectedly or was terminated.
2026-03-31T04:13:45 - BettingLogger - INFO - Database backed up to C:\Users\bacon\OneDrive\Desktop\MyGithub\Sports-Betting-Model\backups/backup_20260331_041345.db
2026-03-31T04:15:27 - BettingLogger - INFO - Betting program started
2026-03-31T04:15:32 - BettingLogger - CRITICAL - Betting program exited unexpectedly or was terminated.
2026-03-31T04:15:32 - BettingLogger - INFO - Database backed up to C:\Users\bacon\OneDrive\Desktop\MyGithub\Sports-Betting-Model\backups/backup_20260331_041532.db
2026-03-31T04:16:48 - BettingLogger - INFO - Betting program started
2026-03-31T04:16:51 - BettingLogger - INFO - Starting Betting application
2026-03-31T04:16:56 - BettingLogger - INFO - Request: GET /dashboard
2026-03-31T04:16:56 - BettingLogger - INFO - GET /dashboard returned 200 OK
2026-03-31T04:16:57 - BettingLogger - INFO - Request: GET /static/css/style.css
2026-03-31T04:16:57 - BettingLogger - INFO - Request: GET /static/js/main.js
2026-03-31T04:16:57 - BettingLogger - INFO - GET /static/css/style.css returned 304 NOT MODIFIED
2026-03-31T04:16:57 - BettingLogger - INFO - GET /static/js/main.js returned 304 NOT MODIFIED
2026-03-31T04:17:07 - BettingLogger - INFO - Request: POST /predict
2026-03-31T04:17:07 - BettingLogger - INFO - POST /predict returned 302 FOUND
2026-03-31T04:17:07 - BettingLogger - INFO - Request: GET /login
2026-03-31T04:17:07 - BettingLogger - INFO - GET /login returned 200 OK
2026-03-31T04:17:07 - BettingLogger - INFO - Request: GET /static/css/style.css
2026-03-31T04:17:07 - BettingLogger - INFO - Request: GET /static/js/main.js
2026-03-31T04:17:07 - BettingLogger - INFO - GET /static/css/style.css returned 304 NOT MODIFIED
2026-03-31T04:17:07 - BettingLogger - INFO - GET /static/js/main.js returned 304 NOT MODIFIED
2026-03-31T04:17:16 - BettingLogger - INFO - Request: POST /login
2026-03-31T04:17:16 - BettingLogger - INFO - Login attempt
2026-03-31T04:17:17 - BettingLogger - INFO - Authentication success for user: new
2026-03-31T04:17:17 - BettingLogger - INFO - POST /login returned 302 FOUND
2026-03-31T04:17:17 - BettingLogger - INFO - Request: GET /dashboard
2026-03-31T04:17:17 - BettingLogger - INFO - GET /dashboard returned 200 OK
2026-03-31T04:17:17 - BettingLogger - INFO - Request: GET /static/css/style.css
2026-03-31T04:17:17 - BettingLogger - INFO - Request: GET /static/js/main.js
2026-03-31T04:17:17 - BettingLogger - INFO - GET /static/css/style.css returned 304 NOT MODIFIED
2026-03-31T04:17:17 - BettingLogger - INFO - GET /static/js/main.js returned 304 NOT MODIFIED
2026-03-31T04:17:34 - BettingLogger - INFO - Request: POST /predict
2026-03-31T04:17:34 - BettingLogger - CRITICAL - Unexpected critical error: main.dashboard
Traceback (most recent call last):
  File "C:\Users\bacon\AppData\Local\Programs\Python\Python313\Lib\site-packages\flask\app.py", line 917, in full_dispatch_request
    rv = self.dispatch_request()
  File "C:\Users\bacon\AppData\Local\Programs\Python\Python313\Lib\site-packages\flask\app.py", line 902, in dispatch_request
    return self.ensure_sync(self.view_functions[rule.endpoint])(**view_args)  # type: ignore[no-any-return]
           ~~~~~~~~~~~~~~~~~~~~~~~~~~~~~~~~~~~~~~~~~~~~~~~~~~~~^^^^^^^^^^^^^
  File "C:\Users\bacon\AppData\Local\Programs\Python\Python313\Lib\site-packages\flask_login\utils.py", line 290, in decorated_view
    return current_app.ensure_sync(func)(*args, **kwargs)
           ~~~~~~~~~~~~~~~~~~~~~~~~~~~~~^^^^^^^^^^^^^^^^^
  File "C:\Users\bacon\OneDrive\Desktop\MyGithub\Sports-Betting-Model\app\routes.py", line 222, in predict
    return render_template('main.dashboard', teams=teams, prediction=prediction, home=home, away=away)
  File "C:\Users\bacon\AppData\Local\Programs\Python\Python313\Lib\site-packages\flask\templating.py", line 149, in render_template
    template = app.jinja_env.get_or_select_template(template_name_or_list)
  File "C:\Users\bacon\AppData\Local\Programs\Python\Python313\Lib\site-packages\jinja2\environment.py", line 1087, in get_or_select_template
    return self.get_template(template_name_or_list, parent, globals)
           ~~~~~~~~~~~~~~~~~^^^^^^^^^^^^^^^^^^^^^^^^^^^^^^^^^^^^^^^^
  File "C:\Users\bacon\AppData\Local\Programs\Python\Python313\Lib\site-packages\jinja2\environment.py", line 1016, in get_template
    return self._load_template(name, globals)
           ~~~~~~~~~~~~~~~~~~~^^^^^^^^^^^^^^^
  File "C:\Users\bacon\AppData\Local\Programs\Python\Python313\Lib\site-packages\jinja2\environment.py", line 975, in _load_template
    template = self.loader.load(self, name, self.make_globals(globals))
  File "C:\Users\bacon\AppData\Local\Programs\Python\Python313\Lib\site-packages\jinja2\loaders.py", line 126, in load
    source, filename, uptodate = self.get_source(environment, name)
                                 ~~~~~~~~~~~~~~~^^^^^^^^^^^^^^^^^^^
  File "C:\Users\bacon\AppData\Local\Programs\Python\Python313\Lib\site-packages\flask\templating.py", line 65, in get_source
    return self._get_source_fast(environment, template)
           ~~~~~~~~~~~~~~~~~~~~~^^^^^^^^^^^^^^^^^^^^^^^
  File "C:\Users\bacon\AppData\Local\Programs\Python\Python313\Lib\site-packages\flask\templating.py", line 99, in _get_source_fast
    raise TemplateNotFound(template)
jinja2.exceptions.TemplateNotFound: main.dashboard
2026-03-31T04:17:35 - BettingLogger - INFO - POST /predict returned 500 INTERNAL SERVER ERROR
2026-03-31T04:17:35 - BettingLogger - INFO - Request: GET /static/css/style.css
2026-03-31T04:17:35 - BettingLogger - INFO - GET /static/css/style.css returned 304 NOT MODIFIED
2026-03-31T04:17:35 - BettingLogger - INFO - Request: GET /static/js/main.js
2026-03-31T04:17:35 - BettingLogger - INFO - GET /static/js/main.js returned 304 NOT MODIFIED
2026-03-31T04:18:59 - BettingLogger - INFO - Betting program started
2026-03-31T04:19:04 - BettingLogger - INFO - Starting Betting application
2026-03-31T04:19:07 - BettingLogger - INFO - Request: GET /dashboard
2026-03-31T04:19:07 - BettingLogger - INFO - GET /dashboard returned 200 OK
2026-03-31T04:19:07 - BettingLogger - INFO - Request: GET /static/css/style.css
2026-03-31T04:19:07 - BettingLogger - INFO - Request: GET /static/js/main.js
2026-03-31T04:19:08 - BettingLogger - INFO - GET /static/js/main.js returned 304 NOT MODIFIED
2026-03-31T04:19:08 - BettingLogger - INFO - GET /static/css/style.css returned 304 NOT MODIFIED
2026-03-31T04:19:15 - BettingLogger - INFO - Request: POST /predict
2026-03-31T04:19:15 - BettingLogger - INFO - POST /predict returned 200 OK
2026-03-31T04:19:15 - BettingLogger - INFO - Request: GET /static/css/style.css
2026-03-31T04:19:15 - BettingLogger - INFO - Request: GET /static/js/main.js
2026-03-31T04:19:15 - BettingLogger - INFO - GET /static/css/style.css returned 304 NOT MODIFIED
2026-03-31T04:19:15 - BettingLogger - INFO - GET /static/js/main.js returned 304 NOT MODIFIED
2026-03-31T04:19:19 - BettingLogger - INFO - Request: GET /logout
2026-03-31T04:19:19 - BettingLogger - INFO - User logged out: new
2026-03-31T04:19:19 - BettingLogger - INFO - GET /logout returned 302 FOUND
2026-03-31T04:19:19 - BettingLogger - INFO - Request: GET /login
2026-03-31T04:19:19 - BettingLogger - INFO - GET /login returned 200 OK
2026-03-31T04:19:19 - BettingLogger - INFO - Request: GET /static/css/style.css
2026-03-31T04:19:19 - BettingLogger - INFO - Request: GET /static/js/main.js
2026-03-31T04:19:19 - BettingLogger - INFO - GET /static/css/style.css returned 304 NOT MODIFIED
2026-03-31T04:19:19 - BettingLogger - INFO - GET /static/js/main.js returned 304 NOT MODIFIED
2026-03-31T04:19:22 - BettingLogger - INFO - Request: GET /dashboard
2026-03-31T04:19:22 - BettingLogger - INFO - GET /dashboard returned 200 OK
2026-03-31T04:19:22 - BettingLogger - INFO - Request: GET /static/css/style.css
2026-03-31T04:19:22 - BettingLogger - INFO - Request: GET /static/js/main.js
2026-03-31T04:19:22 - BettingLogger - INFO - GET /static/css/style.css returned 304 NOT MODIFIED
2026-03-31T04:19:22 - BettingLogger - INFO - GET /static/js/main.js returned 304 NOT MODIFIED
2026-03-31T04:19:27 - BettingLogger - INFO - Request: POST /predict
2026-03-31T04:19:27 - BettingLogger - INFO - POST /predict returned 302 FOUND
2026-03-31T04:19:27 - BettingLogger - INFO - Request: GET /login
2026-03-31T04:19:27 - BettingLogger - INFO - GET /login returned 200 OK
2026-03-31T04:19:27 - BettingLogger - INFO - Request: GET /static/css/style.css
2026-03-31T04:19:27 - BettingLogger - INFO - Request: GET /static/js/main.js
2026-03-31T04:19:27 - BettingLogger - INFO - GET /static/css/style.css returned 304 NOT MODIFIED
2026-03-31T04:19:27 - BettingLogger - INFO - GET /static/js/main.js returned 304 NOT MODIFIED
2026-03-31T04:19:32 - BettingLogger - INFO - Request: POST /login
2026-03-31T04:19:32 - BettingLogger - INFO - Login attempt
2026-03-31T04:19:32 - BettingLogger - INFO - Authentication success for user: new
2026-03-31T04:19:32 - BettingLogger - INFO - POST /login returned 302 FOUND
2026-03-31T04:19:32 - BettingLogger - INFO - Request: GET /dashboard
2026-03-31T04:19:32 - BettingLogger - INFO - GET /dashboard returned 200 OK
2026-03-31T04:19:32 - BettingLogger - INFO - Request: GET /static/css/style.css
2026-03-31T04:19:32 - BettingLogger - INFO - Request: GET /static/js/main.js
2026-03-31T04:19:32 - BettingLogger - INFO - GET /static/css/style.css returned 304 NOT MODIFIED
2026-03-31T04:19:32 - BettingLogger - INFO - GET /static/js/main.js returned 304 NOT MODIFIED
2026-03-31T04:20:45 - BettingLogger - INFO - Betting program started
2026-03-31T04:20:53 - BettingLogger - INFO - Starting Betting application
2026-03-31T04:21:47 - BettingLogger - INFO - Betting program started
2026-03-31T04:21:51 - BettingLogger - INFO - Starting Betting application
2026-03-31T04:22:09 - BettingLogger - INFO - Request: GET /dashboard
2026-03-31T04:22:09 - BettingLogger - INFO - GET /dashboard returned 200 OK
2026-03-31T04:22:09 - BettingLogger - INFO - Request: GET /static/css/style.css
2026-03-31T04:22:09 - BettingLogger - INFO - Request: GET /static/js/main.js
2026-03-31T04:22:09 - BettingLogger - INFO - GET /static/js/main.js returned 200 OK
2026-03-31T04:22:09 - BettingLogger - INFO - GET /static/css/style.css returned 200 OK
2026-03-31T04:22:09 - BettingLogger - INFO - Request: GET /static/images/logo.png
2026-03-31T04:22:09 - BettingLogger - ERROR - HTTP 500 error: 404 Not Found: The requested URL was not found on the server. If you entered the URL manually please check your spelling and try again.
2026-03-31T04:22:09 - BettingLogger - INFO - GET /static/images/logo.png returned 404 NOT FOUND
2026-03-31T04:23:25 - BettingLogger - INFO - Request: GET /dashboard
2026-03-31T04:23:25 - BettingLogger - INFO - GET /dashboard returned 200 OK
2026-03-31T04:23:25 - BettingLogger - INFO - Request: GET /static/css/style.css
2026-03-31T04:23:25 - BettingLogger - INFO - Request: GET /static/js/main.js
2026-03-31T04:23:25 - BettingLogger - INFO - GET /static/css/style.css returned 304 NOT MODIFIED
2026-03-31T04:23:25 - BettingLogger - INFO - GET /static/js/main.js returned 304 NOT MODIFIED
2026-03-31T04:24:20 - BettingLogger - INFO - Betting program started
2026-03-31T04:24:23 - BettingLogger - INFO - Starting Betting application
2026-03-31T04:24:28 - BettingLogger - INFO - Request: GET /dashboard
2026-03-31T04:24:28 - BettingLogger - INFO - GET /dashboard returned 200 OK
2026-03-31T04:24:28 - BettingLogger - INFO - Request: GET /static/css/style.css
2026-03-31T04:24:28 - BettingLogger - INFO - Request: GET /static/js/main.js
2026-03-31T04:24:28 - BettingLogger - INFO - GET /static/css/style.css returned 304 NOT MODIFIED
2026-03-31T04:24:28 - BettingLogger - INFO - GET /static/js/main.js returned 304 NOT MODIFIED
2026-03-31T04:24:47 - BettingLogger - INFO - Request: GET /.well-known/appspecific/com.chrome.devtools.json
2026-03-31T04:24:47 - BettingLogger - INFO - Request: GET /static/css/style.css
2026-03-31T04:24:47 - BettingLogger - ERROR - HTTP 500 error: 404 Not Found: The requested URL was not found on the server. If you entered the URL manually please check your spelling and try again.
2026-03-31T04:24:47 - BettingLogger - INFO - GET /static/css/style.css returned 304 NOT MODIFIED
2026-03-31T04:24:47 - BettingLogger - INFO - GET /.well-known/appspecific/com.chrome.devtools.json returned 404 NOT FOUND
2026-03-31T04:27:35 - BettingLogger - INFO - Betting program started
2026-03-31T04:27:41 - BettingLogger - INFO - Starting Betting application
2026-03-31T04:27:46 - BettingLogger - INFO - Request: GET /dashboard
2026-03-31T04:27:46 - BettingLogger - INFO - GET /dashboard returned 200 OK
2026-03-31T04:27:46 - BettingLogger - INFO - Request: GET /static/css/style.css
2026-03-31T04:27:46 - BettingLogger - INFO - Request: GET /static/js/main.js
2026-03-31T04:27:46 - BettingLogger - INFO - Request: GET /.well-known/appspecific/com.chrome.devtools.json
2026-03-31T04:27:46 - BettingLogger - ERROR - HTTP 500 error: 404 Not Found: The requested URL was not found on the server. If you entered the URL manually please check your spelling and try again.
2026-03-31T04:27:46 - BettingLogger - INFO - GET /.well-known/appspecific/com.chrome.devtools.json returned 404 NOT FOUND
2026-03-31T04:27:46 - BettingLogger - INFO - GET /static/css/style.css returned 304 NOT MODIFIED
2026-03-31T04:27:46 - BettingLogger - INFO - GET /static/js/main.js returned 304 NOT MODIFIED
2026-03-31T04:28:00 - BettingLogger - INFO - Request: GET /predict
2026-03-31T04:28:00 - BettingLogger - CRITICAL - Unexpected critical error: 405 Method Not Allowed: The method is not allowed for the requested URL.
Traceback (most recent call last):
  File "C:\Users\bacon\AppData\Local\Programs\Python\Python313\Lib\site-packages\flask\app.py", line 917, in full_dispatch_request
    rv = self.dispatch_request()
  File "C:\Users\bacon\AppData\Local\Programs\Python\Python313\Lib\site-packages\flask\app.py", line 891, in dispatch_request
    self.raise_routing_exception(req)
    ~~~~~~~~~~~~~~~~~~~~~~~~~~~~^^^^^
  File "C:\Users\bacon\AppData\Local\Programs\Python\Python313\Lib\site-packages\flask\app.py", line 500, in raise_routing_exception
    raise request.routing_exception  # type: ignore[misc]
    ^^^^^^^^^^^^^^^^^^^^^^^^^^^^^^^
  File "C:\Users\bacon\AppData\Local\Programs\Python\Python313\Lib\site-packages\flask\ctx.py", line 362, in match_request
    result = self.url_adapter.match(return_rule=True)  # type: ignore
  File "C:\Users\bacon\AppData\Local\Programs\Python\Python313\Lib\site-packages\werkzeug\routing\map.py", line 624, in match
    raise MethodNotAllowed(valid_methods=list(e.have_match_for)) from None
werkzeug.exceptions.MethodNotAllowed: 405 Method Not Allowed: The method is not allowed for the requested URL.
2026-03-31T04:28:00 - BettingLogger - INFO - GET /predict returned 500 INTERNAL SERVER ERROR
2026-03-31T04:28:00 - BettingLogger - INFO - Request: GET /static/css/style.css
2026-03-31T04:28:00 - BettingLogger - INFO - GET /static/css/style.css returned 304 NOT MODIFIED
2026-03-31T04:28:00 - BettingLogger - INFO - Request: GET /static/js/main.js
2026-03-31T04:28:00 - BettingLogger - INFO - GET /static/js/main.js returned 304 NOT MODIFIED
2026-03-31T04:28:00 - BettingLogger - INFO - Request: GET /.well-known/appspecific/com.chrome.devtools.json
2026-03-31T04:28:00 - BettingLogger - ERROR - HTTP 500 error: 404 Not Found: The requested URL was not found on the server. If you entered the URL manually please check your spelling and try again.
2026-03-31T04:28:00 - BettingLogger - INFO - GET /.well-known/appspecific/com.chrome.devtools.json returned 404 NOT FOUND
2026-03-31T04:29:48 - BettingLogger - INFO - Betting program started
2026-03-31T04:29:51 - BettingLogger - INFO - Starting Betting application
2026-03-31T04:29:55 - BettingLogger - INFO - Request: GET /dashboard
2026-03-31T04:29:55 - BettingLogger - INFO - GET /dashboard returned 200 OK
2026-03-31T04:29:55 - BettingLogger - INFO - Request: GET /static/js/main.js
2026-03-31T04:29:55 - BettingLogger - INFO - Request: GET /static/css/style.css
2026-03-31T04:29:55 - BettingLogger - INFO - Request: GET /.well-known/appspecific/com.chrome.devtools.json
2026-03-31T04:29:55 - BettingLogger - ERROR - HTTP 500 error: 404 Not Found: The requested URL was not found on the server. If you entered the URL manually please check your spelling and try again.
2026-03-31T04:29:55 - BettingLogger - INFO - GET /.well-known/appspecific/com.chrome.devtools.json returned 404 NOT FOUND
2026-03-31T04:29:55 - BettingLogger - INFO - GET /static/js/main.js returned 304 NOT MODIFIED
2026-03-31T04:29:55 - BettingLogger - INFO - GET /static/css/style.css returned 304 NOT MODIFIED
2026-03-31T04:29:58 - BettingLogger - INFO - Request: GET /dashboard
2026-03-31T04:29:58 - BettingLogger - INFO - GET /dashboard returned 200 OK
2026-03-31T04:29:58 - BettingLogger - INFO - Request: GET /static/css/style.css
2026-03-31T04:29:58 - BettingLogger - INFO - GET /static/css/style.css returned 304 NOT MODIFIED
2026-03-31T04:29:58 - BettingLogger - INFO - Request: GET /static/js/main.js
2026-03-31T04:29:58 - BettingLogger - INFO - GET /static/js/main.js returned 304 NOT MODIFIED
2026-03-31T04:29:58 - BettingLogger - INFO - Request: GET /.well-known/appspecific/com.chrome.devtools.json
2026-03-31T04:29:58 - BettingLogger - ERROR - HTTP 500 error: 404 Not Found: The requested URL was not found on the server. If you entered the URL manually please check your spelling and try again.
2026-03-31T04:29:58 - BettingLogger - INFO - GET /.well-known/appspecific/com.chrome.devtools.json returned 404 NOT FOUND
2026-03-31T04:32:26 - BettingLogger - INFO - Betting program started
2026-03-31T04:32:29 - BettingLogger - INFO - Starting Betting application
2026-03-31T04:32:33 - BettingLogger - INFO - Request: GET /dashboard
2026-03-31T04:32:33 - BettingLogger - INFO - GET /dashboard returned 200 OK
2026-03-31T04:32:34 - BettingLogger - INFO - Request: GET /static/js/main.js
2026-03-31T04:32:34 - BettingLogger - INFO - Request: GET /static/css/style.css
2026-03-31T04:32:34 - BettingLogger - INFO - Request: GET /.well-known/appspecific/com.chrome.devtools.json
2026-03-31T04:32:34 - BettingLogger - ERROR - HTTP 500 error: 404 Not Found: The requested URL was not found on the server. If you entered the URL manually please check your spelling and try again.
2026-03-31T04:32:34 - BettingLogger - INFO - GET /.well-known/appspecific/com.chrome.devtools.json returned 404 NOT FOUND
2026-03-31T04:32:34 - BettingLogger - INFO - GET /static/css/style.css returned 304 NOT MODIFIED
2026-03-31T04:32:34 - BettingLogger - INFO - GET /static/js/main.js returned 304 NOT MODIFIED
2026-03-31T04:34:01 - BettingLogger - INFO - Betting program started
2026-03-31T04:34:06 - BettingLogger - INFO - Starting Betting application
2026-03-31T04:34:06 - BettingLogger - INFO - Request: GET /dashboard
2026-03-31T04:34:06 - BettingLogger - INFO - GET /dashboard returned 200 OK
2026-03-31T04:34:06 - BettingLogger - INFO - Request: GET /static/css/style.css
2026-03-31T04:34:06 - BettingLogger - INFO - Request: GET /static/js/main.js
2026-03-31T04:34:06 - BettingLogger - INFO - Request: GET /.well-known/appspecific/com.chrome.devtools.json
2026-03-31T04:34:06 - BettingLogger - ERROR - HTTP 500 error: 404 Not Found: The requested URL was not found on the server. If you entered the URL manually please check your spelling and try again.
2026-03-31T04:34:06 - BettingLogger - INFO - GET /.well-known/appspecific/com.chrome.devtools.json returned 404 NOT FOUND
2026-03-31T04:34:06 - BettingLogger - INFO - GET /static/css/style.css returned 304 NOT MODIFIED
2026-03-31T04:34:06 - BettingLogger - INFO - GET /static/js/main.js returned 304 NOT MODIFIED
2026-03-31T04:34:13 - BettingLogger - INFO - Request: POST /predict
2026-03-31T04:34:13 - BettingLogger - INFO - POST /predict returned 200 OK
2026-03-31T04:34:13 - BettingLogger - INFO - Request: GET /static/css/style.css
2026-03-31T04:34:13 - BettingLogger - INFO - GET /static/css/style.css returned 304 NOT MODIFIED
2026-03-31T04:34:13 - BettingLogger - INFO - Request: GET /static/js/main.js
2026-03-31T04:34:13 - BettingLogger - INFO - GET /static/js/main.js returned 304 NOT MODIFIED
2026-03-31T04:34:14 - BettingLogger - INFO - Request: GET /.well-known/appspecific/com.chrome.devtools.json
2026-03-31T04:34:14 - BettingLogger - ERROR - HTTP 500 error: 404 Not Found: The requested URL was not found on the server. If you entered the URL manually please check your spelling and try again.
2026-03-31T04:34:14 - BettingLogger - INFO - GET /.well-known/appspecific/com.chrome.devtools.json returned 404 NOT FOUND
2026-03-31T04:34:28 - BettingLogger - INFO - Request: GET /profile
2026-03-31T04:34:28 - BettingLogger - INFO - GET /profile returned 200 OK
2026-03-31T04:34:28 - BettingLogger - INFO - Request: GET /static/css/style.css
2026-03-31T04:34:28 - BettingLogger - INFO - Request: GET /static/js/main.js
2026-03-31T04:34:28 - BettingLogger - INFO - GET /static/css/style.css returned 304 NOT MODIFIED
2026-03-31T04:34:28 - BettingLogger - INFO - GET /static/js/main.js returned 304 NOT MODIFIED
2026-03-31T04:34:31 - BettingLogger - INFO - Request: GET /dashboard
2026-03-31T04:34:31 - BettingLogger - INFO - GET /dashboard returned 200 OK
2026-03-31T04:34:31 - BettingLogger - INFO - Request: GET /static/css/style.css
2026-03-31T04:34:31 - BettingLogger - INFO - Request: GET /static/js/main.js
2026-03-31T04:34:31 - BettingLogger - INFO - GET /static/css/style.css returned 304 NOT MODIFIED
2026-03-31T04:34:31 - BettingLogger - INFO - GET /static/js/main.js returned 304 NOT MODIFIED
2026-03-31T04:35:20 - BettingLogger - INFO - Betting program started
2026-03-31T04:35:24 - BettingLogger - INFO - Starting Betting application
2026-03-31T04:35:27 - BettingLogger - INFO - Request: GET /dashboard
2026-03-31T04:35:27 - BettingLogger - INFO - GET /dashboard returned 200 OK
2026-03-31T04:35:27 - BettingLogger - INFO - Request: GET /static/css/style.css
2026-03-31T04:35:27 - BettingLogger - INFO - Request: GET /static/js/main.js
2026-03-31T04:35:28 - BettingLogger - INFO - GET /static/css/style.css returned 304 NOT MODIFIED
2026-03-31T04:35:28 - BettingLogger - INFO - GET /static/js/main.js returned 304 NOT MODIFIED
2026-03-31T04:35:31 - BettingLogger - INFO - Request: GET /dashboard
2026-03-31T04:35:31 - BettingLogger - INFO - GET /dashboard returned 200 OK
2026-03-31T04:35:31 - BettingLogger - INFO - Request: GET /static/css/style.css
2026-03-31T04:35:31 - BettingLogger - INFO - GET /static/css/style.css returned 304 NOT MODIFIED
2026-03-31T04:35:31 - BettingLogger - INFO - Request: GET /static/js/main.js
2026-03-31T04:35:31 - BettingLogger - INFO - GET /static/js/main.js returned 304 NOT MODIFIED
2026-03-31T04:36:40 - BettingLogger - INFO - Betting program started
2026-03-31T04:36:43 - BettingLogger - INFO - Starting Betting application
2026-03-31T04:36:46 - BettingLogger - INFO - Request: GET /dashboard
2026-03-31T04:36:46 - BettingLogger - INFO - GET /dashboard returned 200 OK
2026-03-31T04:36:46 - BettingLogger - INFO - Request: GET /static/css/style.css
2026-03-31T04:36:46 - BettingLogger - INFO - Request: GET /static/js/main.js
2026-03-31T04:36:47 - BettingLogger - INFO - GET /static/css/style.css returned 304 NOT MODIFIED
2026-03-31T04:36:47 - BettingLogger - INFO - GET /static/js/main.js returned 304 NOT MODIFIED
2026-03-31T04:37:06 - BettingLogger - INFO - Request: GET /static/css/style.css
2026-03-31T04:37:06 - BettingLogger - INFO - Request: GET /.well-known/appspecific/com.chrome.devtools.json
2026-03-31T04:37:06 - BettingLogger - INFO - GET /static/css/style.css returned 304 NOT MODIFIED
2026-03-31T04:37:06 - BettingLogger - ERROR - HTTP 500 error: 404 Not Found: The requested URL was not found on the server. If you entered the URL manually please check your spelling and try again.
2026-03-31T04:37:06 - BettingLogger - INFO - GET /.well-known/appspecific/com.chrome.devtools.json returned 404 NOT FOUND
2026-03-31T04:42:17 - BettingLogger - INFO - Betting program started
2026-03-31T04:42:21 - BettingLogger - INFO - Starting Betting application
2026-03-31T04:42:23 - BettingLogger - INFO - Request: GET /dashboard
2026-03-31T04:42:23 - BettingLogger - INFO - GET /dashboard returned 200 OK
2026-03-31T04:42:23 - BettingLogger - INFO - Request: GET /static/css/style.css
2026-03-31T04:42:23 - BettingLogger - INFO - Request: GET /static/js/main.js
2026-03-31T04:42:23 - BettingLogger - INFO - Request: GET /.well-known/appspecific/com.chrome.devtools.json
2026-03-31T04:42:23 - BettingLogger - ERROR - HTTP 500 error: 404 Not Found: The requested URL was not found on the server. If you entered the URL manually please check your spelling and try again.
2026-03-31T04:42:23 - BettingLogger - INFO - GET /.well-known/appspecific/com.chrome.devtools.json returned 404 NOT FOUND
2026-03-31T04:42:24 - BettingLogger - INFO - GET /static/js/main.js returned 304 NOT MODIFIED
2026-03-31T04:42:24 - BettingLogger - INFO - GET /static/css/style.css returned 304 NOT MODIFIED
2026-03-31T04:42:44 - BettingLogger - INFO - Request: GET /profile
2026-03-31T04:42:44 - BettingLogger - INFO - GET /profile returned 200 OK
2026-03-31T04:42:44 - BettingLogger - INFO - Request: GET /static/css/style.css
2026-03-31T04:42:44 - BettingLogger - INFO - Request: GET /static/js/main.js
2026-03-31T04:42:44 - BettingLogger - INFO - GET /static/css/style.css returned 304 NOT MODIFIED
2026-03-31T04:42:44 - BettingLogger - INFO - GET /static/js/main.js returned 304 NOT MODIFIED
2026-03-31T04:42:44 - BettingLogger - INFO - Request: GET /.well-known/appspecific/com.chrome.devtools.json
2026-03-31T04:42:44 - BettingLogger - ERROR - HTTP 500 error: 404 Not Found: The requested URL was not found on the server. If you entered the URL manually please check your spelling and try again.
2026-03-31T04:42:44 - BettingLogger - INFO - GET /.well-known/appspecific/com.chrome.devtools.json returned 404 NOT FOUND
2026-03-31T04:42:47 - BettingLogger - INFO - Request: GET /dashboard
2026-03-31T04:42:47 - BettingLogger - INFO - GET /dashboard returned 200 OK
2026-03-31T04:42:47 - BettingLogger - INFO - Request: GET /static/css/style.css
2026-03-31T04:42:47 - BettingLogger - INFO - Request: GET /static/js/main.js
2026-03-31T04:42:47 - BettingLogger - INFO - GET /static/css/style.css returned 304 NOT MODIFIED
2026-03-31T04:42:47 - BettingLogger - INFO - GET /static/js/main.js returned 304 NOT MODIFIED
2026-03-31T04:42:47 - BettingLogger - INFO - Request: GET /.well-known/appspecific/com.chrome.devtools.json
2026-03-31T04:42:47 - BettingLogger - ERROR - HTTP 500 error: 404 Not Found: The requested URL was not found on the server. If you entered the URL manually please check your spelling and try again.
2026-03-31T04:42:47 - BettingLogger - INFO - GET /.well-known/appspecific/com.chrome.devtools.json returned 404 NOT FOUND
2026-03-31T04:45:23 - BettingLogger - INFO - Betting program started
2026-03-31T04:45:27 - BettingLogger - INFO - Starting Betting application
2026-03-31T04:45:37 - BettingLogger - INFO - Request: GET /dashboard
2026-03-31T04:45:37 - BettingLogger - INFO - GET /dashboard returned 200 OK
2026-03-31T04:45:38 - BettingLogger - INFO - Request: GET /static/js/main.js
2026-03-31T04:45:38 - BettingLogger - INFO - Request: GET /static/css/style.css
2026-03-31T04:45:38 - BettingLogger - INFO - Request: GET /.well-known/appspecific/com.chrome.devtools.json
2026-03-31T04:45:38 - BettingLogger - ERROR - HTTP 500 error: 404 Not Found: The requested URL was not found on the server. If you entered the URL manually please check your spelling and try again.
2026-03-31T04:45:38 - BettingLogger - INFO - GET /.well-known/appspecific/com.chrome.devtools.json returned 404 NOT FOUND
2026-03-31T04:45:38 - BettingLogger - INFO - GET /static/js/main.js returned 304 NOT MODIFIED
2026-03-31T04:45:38 - BettingLogger - INFO - GET /static/css/style.css returned 304 NOT MODIFIED
2026-03-31T04:46:03 - BettingLogger - INFO - Request: POST /predict
2026-03-31T04:46:03 - BettingLogger - INFO - POST /predict returned 200 OK
2026-03-31T04:46:03 - BettingLogger - INFO - Request: GET /static/css/style.css
2026-03-31T04:46:03 - BettingLogger - INFO - Request: GET /static/js/main.js
2026-03-31T04:46:03 - BettingLogger - INFO - GET /static/css/style.css returned 304 NOT MODIFIED
2026-03-31T04:46:03 - BettingLogger - INFO - GET /static/js/main.js returned 304 NOT MODIFIED
2026-03-31T04:46:03 - BettingLogger - INFO - Request: GET /.well-known/appspecific/com.chrome.devtools.json
2026-03-31T04:46:03 - BettingLogger - ERROR - HTTP 500 error: 404 Not Found: The requested URL was not found on the server. If you entered the URL manually please check your spelling and try again.
2026-03-31T04:46:03 - BettingLogger - INFO - GET /.well-known/appspecific/com.chrome.devtools.json returned 404 NOT FOUND
2026-03-31T04:47:00 - BettingLogger - INFO - Betting program started
2026-03-31T04:47:08 - BettingLogger - INFO - Starting Betting application
2026-03-31T04:47:12 - BettingLogger - INFO - Request: POST /predict
2026-03-31T04:47:13 - BettingLogger - INFO - POST /predict returned 200 OK
2026-03-31T04:47:13 - BettingLogger - INFO - Request: GET /static/css/style.css
2026-03-31T04:47:13 - BettingLogger - INFO - Request: GET /static/js/main.js
2026-03-31T04:47:13 - BettingLogger - INFO - Request: GET /.well-known/appspecific/com.chrome.devtools.json
2026-03-31T04:47:13 - BettingLogger - ERROR - HTTP 500 error: 404 Not Found: The requested URL was not found on the server. If you entered the URL manually please check your spelling and try again.
2026-03-31T04:47:13 - BettingLogger - INFO - GET /.well-known/appspecific/com.chrome.devtools.json returned 404 NOT FOUND
2026-03-31T04:47:13 - BettingLogger - INFO - GET /static/css/style.css returned 304 NOT MODIFIED
2026-03-31T04:47:13 - BettingLogger - INFO - GET /static/js/main.js returned 304 NOT MODIFIED
2026-03-31T04:47:20 - BettingLogger - INFO - Request: GET /
2026-03-31T04:47:20 - BettingLogger - INFO - Home page requested
2026-03-31T04:47:20 - BettingLogger - INFO - GET / returned 200 OK
2026-03-31T04:47:20 - BettingLogger - INFO - Request: GET /static/css/style.css
2026-03-31T04:47:20 - BettingLogger - INFO - Request: GET /static/js/main.js
2026-03-31T04:47:20 - BettingLogger - INFO - GET /static/css/style.css returned 304 NOT MODIFIED
2026-03-31T04:47:20 - BettingLogger - INFO - GET /static/js/main.js returned 304 NOT MODIFIED
2026-03-31T04:47:20 - BettingLogger - INFO - Request: GET /.well-known/appspecific/com.chrome.devtools.json
2026-03-31T04:47:20 - BettingLogger - ERROR - HTTP 500 error: 404 Not Found: The requested URL was not found on the server. If you entered the URL manually please check your spelling and try again.
2026-03-31T04:47:20 - BettingLogger - INFO - GET /.well-known/appspecific/com.chrome.devtools.json returned 404 NOT FOUND
2026-03-31T04:47:27 - BettingLogger - INFO - Request: GET /dashboard
2026-03-31T04:47:27 - BettingLogger - INFO - GET /dashboard returned 200 OK
2026-03-31T04:47:27 - BettingLogger - INFO - Request: GET /static/css/style.css
2026-03-31T04:47:27 - BettingLogger - INFO - Request: GET /static/js/main.js
2026-03-31T04:47:27 - BettingLogger - INFO - GET /static/css/style.css returned 304 NOT MODIFIED
2026-03-31T04:47:27 - BettingLogger - INFO - GET /static/js/main.js returned 304 NOT MODIFIED
2026-03-31T04:47:27 - BettingLogger - INFO - Request: GET /.well-known/appspecific/com.chrome.devtools.json
2026-03-31T04:47:27 - BettingLogger - ERROR - HTTP 500 error: 404 Not Found: The requested URL was not found on the server. If you entered the URL manually please check your spelling and try again.
2026-03-31T04:47:27 - BettingLogger - INFO - GET /.well-known/appspecific/com.chrome.devtools.json returned 404 NOT FOUND
2026-03-31T04:48:36 - BettingLogger - INFO - Betting program started
2026-03-31T04:48:39 - BettingLogger - INFO - Starting Betting application
2026-03-31T04:48:43 - BettingLogger - INFO - Request: GET /dashboard
2026-03-31T04:48:43 - BettingLogger - INFO - GET /dashboard returned 200 OK
2026-03-31T04:48:44 - BettingLogger - INFO - Request: GET /static/css/style.css
2026-03-31T04:48:44 - BettingLogger - INFO - Request: GET /static/js/main.js
2026-03-31T04:48:44 - BettingLogger - INFO - Request: GET /.well-known/appspecific/com.chrome.devtools.json
2026-03-31T04:48:44 - BettingLogger - ERROR - HTTP 500 error: 404 Not Found: The requested URL was not found on the server. If you entered the URL manually please check your spelling and try again.
2026-03-31T04:48:44 - BettingLogger - INFO - GET /.well-known/appspecific/com.chrome.devtools.json returned 404 NOT FOUND
2026-03-31T04:48:44 - BettingLogger - INFO - GET /static/js/main.js returned 304 NOT MODIFIED
2026-03-31T04:48:44 - BettingLogger - INFO - GET /static/css/style.css returned 304 NOT MODIFIED
2026-03-31T04:49:44 - BettingLogger - INFO - Request: GET /logging-info
2026-03-31T04:49:44 - BettingLogger - INFO - GET /logging-info returned 302 FOUND
2026-03-31T04:49:44 - BettingLogger - INFO - Request: GET /dashboard
2026-03-31T04:49:45 - BettingLogger - INFO - GET /dashboard returned 200 OK
2026-03-31T04:49:45 - BettingLogger - INFO - Request: GET /static/css/style.css
2026-03-31T04:49:45 - BettingLogger - INFO - Request: GET /static/js/main.js
2026-03-31T04:49:45 - BettingLogger - INFO - GET /static/js/main.js returned 304 NOT MODIFIED
2026-03-31T04:49:45 - BettingLogger - INFO - GET /static/css/style.css returned 304 NOT MODIFIED
2026-03-31T04:52:43 - BettingLogger - INFO - Betting program started
2026-03-31T04:52:47 - BettingLogger - INFO - Starting Betting application
2026-03-31T04:52:52 - BettingLogger - INFO - Request: GET /dashboard
2026-03-31T04:52:52 - BettingLogger - INFO - GET /dashboard returned 200 OK
2026-03-31T04:52:53 - BettingLogger - INFO - Request: GET /static/css/style.css
2026-03-31T04:52:53 - BettingLogger - INFO - Request: GET /static/js/main.js
2026-03-31T04:52:53 - BettingLogger - INFO - GET /static/js/main.js returned 304 NOT MODIFIED
2026-03-31T04:52:53 - BettingLogger - INFO - GET /static/css/style.css returned 304 NOT MODIFIED
2026-03-31T04:52:59 - BettingLogger - INFO - Request: POST /predict
2026-03-31T04:52:59 - BettingLogger - INFO - POST /predict returned 302 FOUND
2026-03-31T04:52:59 - BettingLogger - INFO - Request: GET /dashboard
2026-03-31T04:52:59 - BettingLogger - INFO - GET /dashboard returned 200 OK
2026-03-31T04:52:59 - BettingLogger - INFO - Request: GET /static/css/style.css
2026-03-31T04:52:59 - BettingLogger - INFO - GET /static/css/style.css returned 304 NOT MODIFIED
2026-03-31T04:52:59 - BettingLogger - INFO - Request: GET /static/js/main.js
2026-03-31T04:52:59 - BettingLogger - INFO - GET /static/js/main.js returned 304 NOT MODIFIED
2026-03-31T04:59:00 - BettingLogger - INFO - Betting program started
2026-03-31T04:59:05 - BettingLogger - INFO - Starting Betting application
2026-03-31T04:59:12 - BettingLogger - INFO - Request: GET /dashboard
2026-03-31T04:59:12 - BettingLogger - INFO - GET /dashboard returned 200 OK
2026-03-31T04:59:12 - BettingLogger - INFO - Request: GET /static/js/main.js
2026-03-31T04:59:12 - BettingLogger - INFO - Request: GET /static/css/style.css
2026-03-31T04:59:12 - BettingLogger - INFO - GET /static/js/main.js returned 304 NOT MODIFIED
2026-03-31T04:59:12 - BettingLogger - INFO - GET /static/css/style.css returned 304 NOT MODIFIED
2026-03-31T04:59:20 - BettingLogger - INFO - Request: POST /predict
2026-03-31T04:59:20 - BettingLogger - INFO - POST /predict returned 302 FOUND
2026-03-31T04:59:20 - BettingLogger - INFO - Request: GET /dashboard
2026-03-31T04:59:20 - BettingLogger - INFO - GET /dashboard returned 200 OK
2026-03-31T04:59:20 - BettingLogger - INFO - Request: GET /static/css/style.css
2026-03-31T04:59:20 - BettingLogger - INFO - Request: GET /static/js/main.js
2026-03-31T04:59:20 - BettingLogger - INFO - GET /static/css/style.css returned 304 NOT MODIFIED
2026-03-31T04:59:20 - BettingLogger - INFO - GET /static/js/main.js returned 304 NOT MODIFIED
2026-03-31T05:00:03 - BettingLogger - INFO - Betting program started
2026-03-31T05:00:06 - BettingLogger - INFO - Starting Betting application
2026-03-31T05:00:10 - BettingLogger - INFO - Request: GET /dashboard
2026-03-31T05:00:10 - BettingLogger - INFO - GET /dashboard returned 200 OK
2026-03-31T05:00:10 - BettingLogger - INFO - Request: GET /static/css/style.css
2026-03-31T05:00:10 - BettingLogger - INFO - Request: GET /static/js/main.js
2026-03-31T05:00:11 - BettingLogger - INFO - GET /static/css/style.css returned 304 NOT MODIFIED
2026-03-31T05:00:11 - BettingLogger - INFO - GET /static/js/main.js returned 304 NOT MODIFIED
2026-03-31T05:02:41 - BettingLogger - INFO - Betting program started
2026-03-31T05:02:45 - BettingLogger - INFO - Starting Betting application
2026-03-31T05:02:52 - BettingLogger - INFO - Request: GET /dashboard
2026-03-31T05:02:52 - BettingLogger - INFO - GET /dashboard returned 200 OK
2026-03-31T05:02:52 - BettingLogger - INFO - Request: GET /static/css/style.css
2026-03-31T05:02:52 - BettingLogger - INFO - Request: GET /static/js/main.js
2026-03-31T05:02:52 - BettingLogger - INFO - GET /static/js/main.js returned 200 OK
2026-03-31T05:02:52 - BettingLogger - INFO - GET /static/css/style.css returned 304 NOT MODIFIED
2026-03-31T05:02:55 - BettingLogger - INFO - Request: GET /dashboard
2026-03-31T05:02:55 - BettingLogger - INFO - GET /dashboard returned 200 OK
2026-03-31T05:02:55 - BettingLogger - INFO - Request: GET /static/css/style.css
2026-03-31T05:02:55 - BettingLogger - INFO - GET /static/css/style.css returned 304 NOT MODIFIED
2026-03-31T05:02:55 - BettingLogger - INFO - Request: GET /static/js/main.js
2026-03-31T05:02:55 - BettingLogger - INFO - GET /static/js/main.js returned 304 NOT MODIFIED
2026-03-31T05:03:57 - BettingLogger - INFO - Betting program started
2026-03-31T05:04:00 - BettingLogger - INFO - Starting Betting application
2026-03-31T05:04:04 - BettingLogger - INFO - Request: GET /dashboard
2026-03-31T05:04:04 - BettingLogger - INFO - GET /dashboard returned 200 OK
2026-03-31T05:04:05 - BettingLogger - INFO - Request: GET /static/css/style.css
2026-03-31T05:04:05 - BettingLogger - INFO - Request: GET /static/js/main.js
2026-03-31T05:04:05 - BettingLogger - INFO - GET /static/js/main.js returned 200 OK
2026-03-31T05:04:05 - BettingLogger - INFO - GET /static/css/style.css returned 304 NOT MODIFIED
2026-03-31T05:04:53 - BettingLogger - INFO - Request: POST /predict
2026-03-31T05:04:54 - BettingLogger - INFO - POST /predict returned 302 FOUND
2026-03-31T05:04:54 - BettingLogger - INFO - Request: GET /dashboard
2026-03-31T05:04:54 - BettingLogger - INFO - GET /dashboard returned 200 OK
2026-03-31T05:04:54 - BettingLogger - INFO - Request: GET /static/css/style.css
2026-03-31T05:04:54 - BettingLogger - INFO - Request: GET /static/js/main.js
2026-03-31T05:04:54 - BettingLogger - INFO - GET /static/css/style.css returned 304 NOT MODIFIED
2026-03-31T05:04:54 - BettingLogger - INFO - GET /static/js/main.js returned 200 OK
2026-03-31T05:05:04 - BettingLogger - INFO - Request: GET /profile
2026-03-31T05:05:04 - BettingLogger - INFO - GET /profile returned 200 OK
2026-03-31T05:05:04 - BettingLogger - INFO - Request: GET /static/css/style.css
2026-03-31T05:05:04 - BettingLogger - INFO - GET /static/css/style.css returned 304 NOT MODIFIED
2026-03-31T05:05:04 - BettingLogger - INFO - Request: GET /static/js/main.js
2026-03-31T05:05:04 - BettingLogger - INFO - GET /static/js/main.js returned 304 NOT MODIFIED
2026-03-31T05:05:06 - BettingLogger - INFO - Request: GET /dashboard
2026-03-31T05:05:06 - BettingLogger - INFO - GET /dashboard returned 200 OK
2026-03-31T05:05:06 - BettingLogger - INFO - Request: GET /static/css/style.css
2026-03-31T05:05:06 - BettingLogger - INFO - Request: GET /static/js/main.js
2026-03-31T05:05:06 - BettingLogger - INFO - GET /static/css/style.css returned 304 NOT MODIFIED
2026-03-31T05:05:06 - BettingLogger - INFO - GET /static/js/main.js returned 304 NOT MODIFIED
2026-03-31T05:05:08 - BettingLogger - INFO - Request: GET /logging-info
2026-03-31T05:05:08 - BettingLogger - INFO - GET /logging-info returned 302 FOUND
2026-03-31T05:05:08 - BettingLogger - INFO - Request: GET /dashboard
2026-03-31T05:05:08 - BettingLogger - INFO - GET /dashboard returned 200 OK
2026-03-31T05:05:08 - BettingLogger - INFO - Request: GET /static/css/style.css
2026-03-31T05:05:08 - BettingLogger - INFO - Request: GET /static/js/main.js
2026-03-31T05:05:08 - BettingLogger - INFO - GET /static/css/style.css returned 304 NOT MODIFIED
2026-03-31T05:05:08 - BettingLogger - INFO - GET /static/js/main.js returned 304 NOT MODIFIED
2026-03-31T05:06:47 - BettingLogger - INFO - Betting program started
2026-03-31T05:06:51 - BettingLogger - INFO - Starting Betting application
2026-03-31T05:06:53 - BettingLogger - INFO - Request: GET /dashboard
2026-03-31T05:06:53 - BettingLogger - INFO - GET /dashboard returned 200 OK
2026-03-31T05:06:53 - BettingLogger - INFO - Request: GET /static/css/style.css
2026-03-31T05:06:53 - BettingLogger - INFO - Request: GET /static/js/main.js
2026-03-31T05:06:53 - BettingLogger - INFO - GET /static/css/style.css returned 304 NOT MODIFIED
2026-03-31T05:06:53 - BettingLogger - INFO - GET /static/js/main.js returned 304 NOT MODIFIED
2026-03-31T05:06:56 - BettingLogger - INFO - Request: GET /logging-info
2026-03-31T05:06:56 - BettingLogger - INFO - savedLevel function in logging_config.py called with type: GET, value: None
2026-03-31T05:06:56 - BettingLogger - INFO - Log level set to INFO from config
2026-03-31T05:06:56 - BettingLogger - INFO - GET /logging-info returned 200 OK
2026-03-31T05:06:56 - BettingLogger - INFO - Request: GET /static/css/style.css
2026-03-31T05:06:56 - BettingLogger - INFO - GET /static/css/style.css returned 304 NOT MODIFIED
2026-03-31T05:06:56 - BettingLogger - INFO - Request: GET /static/js/main.js
2026-03-31T05:06:56 - BettingLogger - INFO - GET /static/js/main.js returned 304 NOT MODIFIED
2026-03-31T05:07:02 - BettingLogger - INFO - Request: POST /logging-info
2026-03-31T05:07:02 - BettingLogger - INFO - savedLevel function in logging_config.py called with type: POST, value: DEBUG
2026-03-31T05:07:02 - BettingLogger - INFO - Setting log level to DEBUG in config
2026-03-31T05:07:02 - BettingLogger - INFO - Log level changed to DEBUG
2026-03-31T05:07:02 - BettingLogger - DEBUG - Set log level function exited with success
2026-03-31T05:07:02 - BettingLogger - INFO - POST /logging-info returned 302 FOUND
2026-03-31T05:07:02 - BettingLogger - INFO - Request: GET /dashboard
2026-03-31T05:07:02 - BettingLogger - DEBUG - Dashboard function entered in routes.py
2026-03-31T05:07:02 - BettingLogger - DEBUG - Dashboard function exited in routes.py
2026-03-31T05:07:02 - BettingLogger - DEBUG - load_user called with ID: 1
2026-03-31T05:07:02 - BettingLogger - INFO - GET /dashboard returned 200 OK
2026-03-31T05:07:02 - BettingLogger - INFO - Request: GET /static/css/style.css
2026-03-31T05:07:02 - BettingLogger - INFO - Request: GET /static/js/main.js
2026-03-31T05:07:02 - BettingLogger - INFO - GET /static/css/style.css returned 304 NOT MODIFIED
2026-03-31T05:07:02 - BettingLogger - INFO - GET /static/js/main.js returned 304 NOT MODIFIED
2026-03-31T05:07:04 - BettingLogger - INFO - Request: GET /logging-info
2026-03-31T05:07:04 - BettingLogger - DEBUG - load_user called with ID: 1
2026-03-31T05:07:04 - BettingLogger - DEBUG - logging_info function entered in routes.py method: GET
2026-03-31T05:07:04 - BettingLogger - INFO - savedLevel function in logging_config.py called with type: GET, value: None
2026-03-31T05:07:04 - BettingLogger - INFO - Log level set to INFO from config
2026-03-31T05:07:04 - BettingLogger - INFO - GET /logging-info returned 200 OK
2026-03-31T05:07:04 - BettingLogger - INFO - Request: GET /static/css/style.css
2026-03-31T05:07:04 - BettingLogger - INFO - GET /static/css/style.css returned 304 NOT MODIFIED
2026-03-31T05:07:04 - BettingLogger - INFO - Request: GET /static/js/main.js
2026-03-31T05:07:04 - BettingLogger - INFO - GET /static/js/main.js returned 304 NOT MODIFIED
